Archive member included to satisfy reference by file (symbol)

app/libapp.a(main.c.obj)      (--whole-archive)
app/libapp.a(mpu_sensor.c.obj)
                              (--whole-archive)
app/libapp.a(motor_control.c.obj)
                              (--whole-archive)
zephyr/libzephyr.a(cbprintf_packaged.c.obj)
                              (--whole-archive)
zephyr/libzephyr.a(crc32c_sw.c.obj)
                              (--whole-archive)
zephyr/libzephyr.a(crc32_sw.c.obj)
                              (--whole-archive)
zephyr/libzephyr.a(crc16_sw.c.obj)
                              (--whole-archive)
zephyr/libzephyr.a(crc8_sw.c.obj)
                              (--whole-archive)
zephyr/libzephyr.a(crc7_sw.c.obj)
                              (--whole-archive)
zephyr/libzephyr.a(dec.c.obj)
                              (--whole-archive)
zephyr/libzephyr.a(fdtable.c.obj)
                              (--whole-archive)
zephyr/libzephyr.a(hex.c.obj)
                              (--whole-archive)
zephyr/libzephyr.a(notify.c.obj)
                              (--whole-archive)
zephyr/libzephyr.a(printk.c.obj)
                              (--whole-archive)
zephyr/libzephyr.a(onoff.c.obj)
                              (--whole-archive)
zephyr/libzephyr.a(rb.c.obj)  (--whole-archive)
zephyr/libzephyr.a(sem.c.obj)
                              (--whole-archive)
zephyr/libzephyr.a(thread_entry.c.obj)
                              (--whole-archive)
zephyr/libzephyr.a(timeutil.c.obj)
                              (--whole-archive)
zephyr/libzephyr.a(heap.c.obj)
                              (--whole-archive)
zephyr/libzephyr.a(heap-validate.c.obj)
                              (--whole-archive)
zephyr/libzephyr.a(bitarray.c.obj)
                              (--whole-archive)
zephyr/libzephyr.a(multi_heap.c.obj)
                              (--whole-archive)
zephyr/libzephyr.a(cbprintf_complete.c.obj)
                              (--whole-archive)
zephyr/libzephyr.a(cbprintf.c.obj)
                              (--whole-archive)
zephyr/libzephyr.a(assert.c.obj)
                              (--whole-archive)
zephyr/libzephyr.a(mpsc_pbuf.c.obj)
                              (--whole-archive)
zephyr/libzephyr.a(reboot.c.obj)
                              (--whole-archive)
zephyr/libzephyr.a(configs.c.obj)
                              (--whole-archive)
zephyr/libzephyr.a(soc_nrf_common.S.obj)
                              (--whole-archive)
zephyr/libzephyr.a(validate_base_addresses.c.obj)
                              (--whole-archive)
zephyr/libzephyr.a(validate_enabled_instances.c.obj)
                              (--whole-archive)
zephyr/libzephyr.a(thread_info.c.obj)
                              (--whole-archive)
zephyr/libzephyr.a(log_core.c.obj)
                              (--whole-archive)
zephyr/libzephyr.a(log_mgmt.c.obj)
                              (--whole-archive)
zephyr/libzephyr.a(log_msg.c.obj)
                              (--whole-archive)
zephyr/libzephyr.a(log_output.c.obj)
                              (--whole-archive)
zephyr/libzephyr.a(log_backend_uart.c.obj)
                              (--whole-archive)
zephyr/libzephyr.a(pm.c.obj)  (--whole-archive)
zephyr/libzephyr.a(policy.c.obj)
                              (--whole-archive)
zephyr/libzephyr.a(state.c.obj)
                              (--whole-archive)
zephyr/libzephyr.a(tracing_none.c.obj)
                              (--whole-archive)
zephyr/libzephyr.a(nrf_cc3xx_platform_abort_zephyr.c.obj)
                              (--whole-archive)
zephyr/libzephyr.a(nrf_cc3xx_platform_mutex_zephyr.c.obj)
                              (--whole-archive)
zephyr/arch/common/libarch__common.a(sw_isr_common.c.obj)
                              (--whole-archive)
zephyr/arch/arch/arm/core/aarch32/libarch__arm__core__aarch32.a(cpu_idle.S.obj)
                              (--whole-archive)
zephyr/arch/arch/arm/core/aarch32/libarch__arm__core__aarch32.a(fatal.c.obj)
                              (--whole-archive)
zephyr/arch/arch/arm/core/aarch32/libarch__arm__core__aarch32.a(irq_manage.c.obj)
                              (--whole-archive)
zephyr/arch/arch/arm/core/aarch32/libarch__arm__core__aarch32.a(nmi.c.obj)
                              (--whole-archive)
zephyr/arch/arch/arm/core/aarch32/libarch__arm__core__aarch32.a(nmi_on_reset.S.obj)
                              (--whole-archive)
zephyr/arch/arch/arm/core/aarch32/libarch__arm__core__aarch32.a(prep_c.c.obj)
                              (--whole-archive)
zephyr/arch/arch/arm/core/aarch32/libarch__arm__core__aarch32.a(swap.c.obj)
                              (--whole-archive)
zephyr/arch/arch/arm/core/aarch32/libarch__arm__core__aarch32.a(swap_helper.S.obj)
                              (--whole-archive)
[...]
Memory Configuration

Name             Origin             Length             Attributes
FLASH            0x0000000000000000 0x0000000000100000 xr
SRAM             0x0000000020000000 0x0000000000040000 xw
IDT_LIST         0x00000000fffff7ff 0x0000000000000800 xw
*default*        0x0000000000000000 0xffffffffffffffff

Linker script and memory map

LOAD zephyr/CMakeFiles/zephyr_pre0.dir/misc/empty_file.c.obj
                0x0000000000000020                _region_min_align = 0x20

.rel.plt        0x0000000000000000        0x0
 *(SORT_BY_ALIGNMENT(.rel.plt))
                [!provide]                        PROVIDE (__rel_iplt_start = .)
 *(SORT_BY_ALIGNMENT(.rel.iplt))
 .rel.iplt      0x0000000000000000        0x0 app/libapp.a(main.c.obj)
                [!provide]                        PROVIDE (__rel_iplt_end = .)

.rela.plt       0x0000000000000000        0x0
 *(SORT_BY_ALIGNMENT(.rela.plt))
                [!provide]                        PROVIDE (__rela_iplt_start = .)
 *(SORT_BY_ALIGNMENT(.rela.iplt))
                [!provide]                        PROVIDE (__rela_iplt_end = .)

.rel.dyn
 *(SORT_BY_ALIGNMENT(.rel.*))

.rela.dyn
 *(SORT_BY_ALIGNMENT(.rela.*))

/DISCARD/
 *(SORT_BY_ALIGNMENT(.plt))
 *(SORT_BY_ALIGNMENT(.iplt))
 *(SORT_BY_ALIGNMENT(.got.plt))
 *(SORT_BY_ALIGNMENT(.igot.plt))
 *(SORT_BY_ALIGNMENT(.got))
 *(SORT_BY_ALIGNMENT(.igot))
 *(SORT_BY_ALIGNMENT(.note.GNU-stack))
                0x0000000000000000                __rom_region_start = 0x0

rom_start       0x0000000000000000      0x100
                0x0000000000000000                . = 0x0
                0x0000000000000000                . = ALIGN (0x4)
                0x0000000000000000                . = ALIGN (0x80)
                0x0000000000000000                . = ALIGN (0x100)
                0x0000000000000000                _vector_start = .
 *(SORT_BY_ALIGNMENT(.exc_vector_table))
 *(SORT_BY_ALIGNMENT(.exc_vector_table.*))
 .exc_vector_table._vector_table_section
                0x0000000000000000       0x40 zephyr/arch/arch/arm/core/aarch32/cortex_m/libarch__arm__core__aarch32__cortex_m.a(vector_table.S.obj)
                0x0000000000000000                _vector_table
 *(SORT_BY_ALIGNMENT(.vectors))
                0x0000000000000100                _vector_end = .
                0x0000000000000040                . = ALIGN (0x4)
 *(SORT_BY_ALIGNMENT(.gnu.linkonce.irq_vector_table*))
 .gnu.linkonce.irq_vector_table
                0x0000000000000040       0xc0 zephyr/arch/common/libisr_tables.a(isr_tables.c.obj)
                0x0000000000000040                _irq_vector_table
                0x0000000000000100                _vector_end = .

text            0x0000000000000100     0xfd78
                0x0000000000000100                __text_region_start = .
 *(SORT_BY_ALIGNMENT(.text))
 .text          0x0000000000000100       0x30 c:/nordic_semiconductor/sdks/ncs/toolchains/v2.1.0/opt/zephyr-sdk/arm-zephyr-eabi/bin/../lib/gcc/arm-zephyr-eabi/10.3.0/thumb/v7e-m/nofp\libgcc.a(_aeabi_uldivmod.o)
                0x0000000000000100                __aeabi_uldivmod
 .text          0x0000000000000130        0x4 c:/nordic_semiconductor/sdks/ncs/toolchains/v2.1.0/opt/zephyr-sdk/arm-zephyr-eabi/bin/../lib/gcc/arm-zephyr-eabi/10.3.0/thumb/v7e-m/nofp\libgcc.a(_dvmd_tls.o)
                0x0000000000000130                __aeabi_idiv0
                0x0000000000000130                __aeabi_ldiv0
 .text          0x0000000000000134      0x2a6 c:/nordic_semiconductor/sdks/ncs/toolchains/v2.1.0/opt/zephyr-sdk/arm-zephyr-eabi/bin/../lib/gcc/arm-zephyr-eabi/10.3.0/thumb/v7e-m/nofp\libgcc.a(_udivmoddi4.o)
                0x0000000000000134                __udivmoddi4
 *(SORT_BY_ALIGNMENT(.text.*))
 *fill*         0x00000000000003da        0x2 
 .text.button_handler
                0x00000000000003dc       0xc4 app/libapp.a(main.c.obj)
                0x00000000000003dc                button_handler
 .text.configure_dk_buttons_and_leds
                0x00000000000004a0      0x120 app/libapp.a(main.c.obj)
 .text.main     0x00000000000005c0      0x2e0 app/libapp.a(main.c.obj)
                0x00000000000005c0                main
 .text.my_twim_handler
                0x00000000000008a0      0x1e4 app/libapp.a(mpu_sensor.c.obj)
                0x00000000000008a0                my_twim_handler
 .text.app_mpu_tx
                0x0000000000000a84       0x30 app/libapp.a(mpu_sensor.c.obj)
                0x0000000000000a84                app_mpu_tx
 .text.app_mpu_rx
                0x0000000000000ab4       0x34 app/libapp.a(mpu_sensor.c.obj)
                0x0000000000000ab4                app_mpu_rx
 .text.app_mpu_write_single_register
                0x0000000000000ae8       0x4c app/libapp.a(mpu_sensor.c.obj)
                0x0000000000000ae8                app_mpu_write_single_register
 .text.app_mpu_write_registers
                0x0000000000000b34       0x70 app/libapp.a(mpu_sensor.c.obj)
                0x0000000000000b34                app_mpu_write_registers
 .text.app_mpu_read_registers
                0x0000000000000ba4      0x100 app/libapp.a(mpu_sensor.c.obj)
                0x0000000000000ba4                app_mpu_read_registers
 .text.twi_init
                0x0000000000000ca4      0x12c app/libapp.a(mpu_sensor.c.obj)
                0x0000000000000ca4                twi_init
 .text.read_accel_values
                0x0000000000000dd0       0xc0 app/libapp.a(mpu_sensor.c.obj)
                0x0000000000000dd0                read_accel_values
 .text.motor_init
                0x0000000000000e90      0x128 app/libapp.a(motor_control.c.obj)
                0x0000000000000e90                motor_init
 .text.set_motor_angle
                0x0000000000000fb8       0xc0 app/libapp.a(motor_control.c.obj)
                0x0000000000000fb8                set_motor_angle
 .text.get_package_len
                0x0000000000001078       0x50 zephyr/libzephyr.a(cbprintf_packaged.c.obj)
 .text.cbprintf_package_convert
                0x00000000000010c8      0x3f4 zephyr/libzephyr.a(cbprintf_packaged.c.obj)
                0x00000000000010c8                cbprintf_package_convert
 .text.sys_notify_finalize
                0x00000000000014bc       0x48 zephyr/libzephyr.a(notify.c.obj)
                0x00000000000014bc                sys_notify_finalize
 .text.char_out
                0x0000000000001504       0x10 zephyr/libzephyr.a(printk.c.obj)
 .text.__printk_hook_install
                0x0000000000001514        0xc zephyr/libzephyr.a(printk.c.obj)
                0x0000000000001514                __printk_hook_install
 .text.vprintk  0x0000000000001520       0x1c zephyr/libzephyr.a(printk.c.obj)
                0x0000000000001520                vprintk
 .text.vsnprintk
                0x000000000000153c       0x30 zephyr/libzephyr.a(printk.c.obj)
                0x000000000000153c                vsnprintk
 .text.process_complete
                0x000000000000156c       0xe8 zephyr/libzephyr.a(onoff.c.obj)
 .text.process_event
                0x0000000000001654      0x3d4 zephyr/libzephyr.a(onoff.c.obj)
 .text.transition_complete
                0x0000000000001a28       0x6c zephyr/libzephyr.a(onoff.c.obj)
 .text.onoff_request
                0x0000000000001a94      0x17c zephyr/libzephyr.a(onoff.c.obj)
                0x0000000000001a94                onoff_request
 .text.extract_conversion
                0x0000000000001c10      0x314 zephyr/libzephyr.a(cbprintf_complete.c.obj)
 .text.z_cbvprintf_impl
                0x0000000000001f24      0x5d0 zephyr/libzephyr.a(cbprintf_complete.c.obj)
                0x0000000000001f24                z_cbvprintf_impl
 .text.mpsc_pbuf_init
                0x00000000000024f4       0x74 zephyr/libzephyr.a(mpsc_pbuf.c.obj)
                0x00000000000024f4                mpsc_pbuf_init
 .text.mpsc_pbuf_alloc
                0x0000000000002568      0x214 zephyr/libzephyr.a(mpsc_pbuf.c.obj)
                0x0000000000002568                mpsc_pbuf_alloc
 .text.mpsc_pbuf_commit
                0x000000000000277c      0x140 zephyr/libzephyr.a(mpsc_pbuf.c.obj)
                0x000000000000277c                mpsc_pbuf_commit
 .text.mpsc_pbuf_claim
                0x00000000000028bc      0x16c zephyr/libzephyr.a(mpsc_pbuf.c.obj)
                0x00000000000028bc                mpsc_pbuf_claim
 .text.mpsc_pbuf_free
                0x0000000000002a28       0xf4 zephyr/libzephyr.a(mpsc_pbuf.c.obj)
                0x0000000000002a28                mpsc_pbuf_free
 .text.sys_reboot
                0x0000000000002b1c       0x28 zephyr/libzephyr.a(reboot.c.obj)
                0x0000000000002b1c                sys_reboot
 .text.z_arm_platform_init
                0x0000000000002b44        0x4 zephyr/libzephyr.a(soc_nrf_common.S.obj)
                0x0000000000002b44                z_arm_platform_init
 .text.log_backend_notify_all
                0x0000000000002b48       0x70 zephyr/libzephyr.a(log_core.c.obj)
 .text.thread_set
                0x0000000000002bb8       0x28 zephyr/libzephyr.a(log_core.c.obj)
 .text.log_process_thread_timer_expiry_fn
                0x0000000000002be0       0x10 zephyr/libzephyr.a(log_core.c.obj)
 .text.enable_logger
                0x0000000000002bf0       0x5c zephyr/libzephyr.a(log_core.c.obj)
 .text.activate_foreach_backend
                0x0000000000002c4c       0x90 zephyr/libzephyr.a(log_core.c.obj)
 .text.z_log_init
                0x0000000000002cdc      0x130 zephyr/libzephyr.a(log_core.c.obj)
 .text.msg_process
                0x0000000000002e0c       0xbc zephyr/libzephyr.a(log_core.c.obj)
 .text.log_format_func_t_get
                0x0000000000002ec8        0xc zephyr/libzephyr.a(log_core.c.obj)
                0x0000000000002ec8                log_format_func_t_get
 .text.log_set_timestamp_func
                0x0000000000002ed4       0x1c zephyr/libzephyr.a(log_core.c.obj)
                0x0000000000002ed4                log_set_timestamp_func
 .text.z_log_notify_backend_enabled
                0x0000000000002ef0       0x20 zephyr/libzephyr.a(log_core.c.obj)
                0x0000000000002ef0                z_log_notify_backend_enabled
 .text.z_log_dropped
                0x0000000000002f10       0x40 zephyr/libzephyr.a(log_core.c.obj)
                0x0000000000002f10                z_log_dropped
 .text.z_log_dropped_read_and_clear
                0x0000000000002f50       0x20 zephyr/libzephyr.a(log_core.c.obj)
                0x0000000000002f50                z_log_dropped_read_and_clear
 .text.dropped_notify
                0x0000000000002f70       0x98 zephyr/libzephyr.a(log_core.c.obj)
                0x0000000000002f70                dropped_notify
 .text.z_log_dropped_pending
                0x0000000000003008       0x14 zephyr/libzephyr.a(log_core.c.obj)
                0x0000000000003008                z_log_dropped_pending
 .text.z_log_msg_init
                0x000000000000301c       0x14 zephyr/libzephyr.a(log_core.c.obj)
                0x000000000000301c                z_log_msg_init
 .text.log_core_init
                0x0000000000003030       0x28 zephyr/libzephyr.a(log_core.c.obj)
                0x0000000000003030                log_core_init
 .text.z_log_msg_alloc
                0x0000000000003058       0x14 zephyr/libzephyr.a(log_core.c.obj)
                0x0000000000003058                z_log_msg_alloc
 .text.z_log_msg_claim
                0x000000000000306c       0x10 zephyr/libzephyr.a(log_core.c.obj)
                0x000000000000306c                z_log_msg_claim
 .text.z_log_msg_free
                0x000000000000307c       0x10 zephyr/libzephyr.a(log_core.c.obj)
                0x000000000000307c                z_log_msg_free
 .text.z_log_msg_pending
                0x000000000000308c       0x10 zephyr/libzephyr.a(log_core.c.obj)
                0x000000000000308c                z_log_msg_pending
 .text.z_impl_log_process
                0x000000000000309c       0x50 zephyr/libzephyr.a(log_core.c.obj)
                0x000000000000309c                z_impl_log_process
 .text.z_impl_log_panic
                0x00000000000030ec       0xa8 zephyr/libzephyr.a(log_core.c.obj)
                0x00000000000030ec                z_impl_log_panic
 .text.z_log_msg_post_finalize
                0x0000000000003194       0xfc zephyr/libzephyr.a(log_core.c.obj)
 .text.z_log_msg_commit
                0x0000000000003290       0x24 zephyr/libzephyr.a(log_core.c.obj)
                0x0000000000003290                z_log_msg_commit
 .text.log_process_thread_func
                0x00000000000032b4       0xac zephyr/libzephyr.a(log_core.c.obj)
 .text.log_source_name_get
                0x0000000000003360       0x20 zephyr/libzephyr.a(log_mgmt.c.obj)
                0x0000000000003360                log_source_name_get
 .text.log_backend_enable
                0x0000000000003380       0x6c zephyr/libzephyr.a(log_mgmt.c.obj)
                0x0000000000003380                log_backend_enable
 .text.z_impl_z_log_msg_static_create
                0x00000000000033ec       0xd0 zephyr/libzephyr.a(log_msg.c.obj)
                0x00000000000033ec                z_impl_z_log_msg_static_create
 .text.print_formatted
                0x00000000000034bc       0x28 zephyr/libzephyr.a(log_output.c.obj)
 .text.timestamp_print
                0x00000000000034e4       0x8c zephyr/libzephyr.a(log_output.c.obj)
 .text.color_print
                0x0000000000003570       0x2c zephyr/libzephyr.a(log_output.c.obj)
 .text.ids_print
                0x000000000000359c       0x74 zephyr/libzephyr.a(log_output.c.obj)
 .text.prefix_print
                0x0000000000003610       0x74 zephyr/libzephyr.a(log_output.c.obj)
 .text.newline_print
                0x0000000000003684       0x28 zephyr/libzephyr.a(log_output.c.obj)
 .text.hexdump_line_print
                0x00000000000036ac       0xbc zephyr/libzephyr.a(log_output.c.obj)
 .text.out_func
                0x0000000000003768       0x68 zephyr/libzephyr.a(log_output.c.obj)
 .text.log_output_process
                0x00000000000037d0       0xa4 zephyr/libzephyr.a(log_output.c.obj)
                0x00000000000037d0                log_output_process
 .text.log_output_msg_process
                0x0000000000003874       0x6c zephyr/libzephyr.a(log_output.c.obj)
                0x0000000000003874                log_output_msg_process
 .text.log_output_dropped_process
                0x00000000000038e0       0x58 zephyr/libzephyr.a(log_output.c.obj)
                0x00000000000038e0                log_output_dropped_process
 .text.log_output_timestamp_freq_set
                0x0000000000003938       0x2c zephyr/libzephyr.a(log_output.c.obj)
                0x0000000000003938                log_output_timestamp_freq_set
 .text.char_out
                0x0000000000003964       0x24 zephyr/libzephyr.a(log_backend_uart.c.obj)
 .text.format_set
                0x0000000000003988        0xc zephyr/libzephyr.a(log_backend_uart.c.obj)
 .text.log_backend_uart_init
                0x0000000000003994       0x3c zephyr/libzephyr.a(log_backend_uart.c.obj)
 .text.panic    0x00000000000039d0       0x18 zephyr/libzephyr.a(log_backend_uart.c.obj)
 .text.dropped  0x00000000000039e8       0x10 zephyr/libzephyr.a(log_backend_uart.c.obj)
 .text.process  0x00000000000039f8       0x20 zephyr/libzephyr.a(log_backend_uart.c.obj)
 .text.pm_system_resume
                0x0000000000003a18      0x134 zephyr/libzephyr.a(pm.c.obj)
                0x0000000000003a18                pm_system_resume
 .text.pm_system_suspend
                0x0000000000003b4c      0x238 zephyr/libzephyr.a(pm.c.obj)
                0x0000000000003b4c                pm_system_suspend
 .text.pm_policy_next_state
                0x0000000000003d84       0x98 zephyr/libzephyr.a(policy.c.obj)
                0x0000000000003d84                pm_policy_next_state
 .text.pm_state_cpu_get_all
                0x0000000000003e1c       0x10 zephyr/libzephyr.a(state.c.obj)
                0x0000000000003e1c                pm_state_cpu_get_all
 .text.nrf_cc3xx_platform_abort_init
                0x0000000000003e2c       0x10 zephyr/libzephyr.a(nrf_cc3xx_platform_abort_zephyr.c.obj)
                0x0000000000003e2c                nrf_cc3xx_platform_abort_init
 .text.mutex_unlock_platform
                0x0000000000003e3c       0x50 zephyr/libzephyr.a(nrf_cc3xx_platform_mutex_zephyr.c.obj)
 .text.mutex_lock_platform
                0x0000000000003e8c       0x5c zephyr/libzephyr.a(nrf_cc3xx_platform_mutex_zephyr.c.obj)
 .text.mutex_free_platform
                0x0000000000003ee8       0x4c zephyr/libzephyr.a(nrf_cc3xx_platform_mutex_zephyr.c.obj)
 .text.mutex_init_platform
                0x0000000000003f34       0x74 zephyr/libzephyr.a(nrf_cc3xx_platform_mutex_zephyr.c.obj)
 .text.nrf_cc3xx_platform_mutex_init
                0x0000000000003fa8       0x28 zephyr/libzephyr.a(nrf_cc3xx_platform_mutex_zephyr.c.obj)
                0x0000000000003fa8                nrf_cc3xx_platform_mutex_init
 .text.z_arm_cpu_idle_init
                0x0000000000003fd0        0xc zephyr/arch/arch/arm/core/aarch32/libarch__arm__core__aarch32.a(cpu_idle.S.obj)
                0x0000000000003fd0                z_arm_cpu_idle_init
 .text.arch_cpu_idle
                0x0000000000003fdc       0x1c zephyr/arch/arch/arm/core/aarch32/libarch__arm__core__aarch32.a(cpu_idle.S.obj)
                0x0000000000003fdc                arch_cpu_idle
 .text.arch_cpu_atomic_idle
                0x0000000000003ff8       0x14 zephyr/arch/arch/arm/core/aarch32/libarch__arm__core__aarch32.a(cpu_idle.S.obj)
                0x0000000000003ff8                arch_cpu_atomic_idle
 .text.esf_dump
                0x000000000000400c      0x244 zephyr/arch/arch/arm/core/aarch32/libarch__arm__core__aarch32.a(fatal.c.obj)
 .text.arch_irq_enable
                0x0000000000004250       0x1c zephyr/arch/arch/arm/core/aarch32/libarch__arm__core__aarch32.a(irq_manage.c.obj)
                0x0000000000004250                arch_irq_enable
 .text.arch_irq_is_enabled
                0x000000000000426c       0x1c zephyr/arch/arch/arm/core/aarch32/libarch__arm__core__aarch32.a(irq_manage.c.obj)
                0x000000000000426c                arch_irq_is_enabled
 .text.z_arm_irq_priority_set
                0x0000000000004288       0x6c zephyr/arch/arch/arm/core/aarch32/libarch__arm__core__aarch32.a(irq_manage.c.obj)
                0x0000000000004288                z_arm_irq_priority_set
 .text.z_SysNmiOnReset
                0x00000000000042f4        0x8 zephyr/arch/arch/arm/core/aarch32/libarch__arm__core__aarch32.a(nmi_on_reset.S.obj)
                0x00000000000042f4                z_SysNmiOnReset
 .text.z_arm_prep_c
                0x00000000000042fc       0x38 zephyr/arch/arch/arm/core/aarch32/libarch__arm__core__aarch32.a(prep_c.c.obj)
                0x00000000000042fc                z_arm_prep_c
 .text.arch_swap
                0x0000000000004334       0x38 zephyr/arch/arch/arm/core/aarch32/libarch__arm__core__aarch32.a(swap.c.obj)
                0x0000000000004334                arch_swap
 .text.z_arm_pendsv
                0x000000000000436c       0x58 zephyr/arch/arch/arm/core/aarch32/libarch__arm__core__aarch32.a(swap_helper.S.obj)
                0x000000000000436c                z_arm_pendsv
 .text.z_arm_svc
                0x00000000000043c4       0x20 zephyr/arch/arch/arm/core/aarch32/libarch__arm__core__aarch32.a(swap_helper.S.obj)
                0x00000000000043c4                z_arm_svc
 .text.arch_new_thread
                0x00000000000043e4       0x44 zephyr/arch/arch/arm/core/aarch32/libarch__arm__core__aarch32.a(thread.c.obj)
                0x00000000000043e4                arch_new_thread
 .text.z_check_thread_stack_fail
                0x0000000000004428       0x50 zephyr/arch/arch/arm/core/aarch32/libarch__arm__core__aarch32.a(thread.c.obj)
                0x0000000000004428                z_check_thread_stack_fail
 .text.arch_switch_to_main_thread
                0x0000000000004478       0x2c zephyr/arch/arch/arm/core/aarch32/libarch__arm__core__aarch32.a(thread.c.obj)
                0x0000000000004478                arch_switch_to_main_thread
 .text._isr_wrapper
                0x00000000000044a4       0x40 zephyr/arch/arch/arm/core/aarch32/libarch__arm__core__aarch32.a(isr_wrapper.S.obj)
                0x00000000000044a4                _isr_wrapper
 .text._HandlerModeExit
                0x00000000000044e4       0x1c zephyr/arch/arch/arm/core/aarch32/cortex_m/libarch__arm__core__aarch32__cortex_m.a(exc_exit.S.obj)
                0x00000000000044e4                z_arm_int_exit
                0x00000000000044e4                z_arm_exc_exit
 .text.bus_fault
                0x0000000000004500      0x320 zephyr/arch/arch/arm/core/aarch32/cortex_m/libarch__arm__core__aarch32__cortex_m.a(fault.c.obj)
 .text.usage_fault
                0x0000000000004820      0x294 zephyr/arch/arch/arm/core/aarch32/cortex_m/libarch__arm__core__aarch32__cortex_m.a(fault.c.obj)
 .text.debug_monitor
                0x0000000000004ab4       0x60 zephyr/arch/arch/arm/core/aarch32/cortex_m/libarch__arm__core__aarch32__cortex_m.a(fault.c.obj)
 .text.reserved_exception
                0x0000000000004b14       0xd8 zephyr/arch/arch/arm/core/aarch32/cortex_m/libarch__arm__core__aarch32__cortex_m.a(fault.c.obj)
 .text.mem_manage_fault
                0x0000000000004bec      0x358 zephyr/arch/arch/arm/core/aarch32/cortex_m/libarch__arm__core__aarch32__cortex_m.a(fault.c.obj)
 .text.hard_fault
                0x0000000000004f44      0x294 zephyr/arch/arch/arm/core/aarch32/cortex_m/libarch__arm__core__aarch32__cortex_m.a(fault.c.obj)
 .text.z_arm_fault
                0x00000000000051d8      0x120 zephyr/arch/arch/arm/core/aarch32/cortex_m/libarch__arm__core__aarch32__cortex_m.a(fault.c.obj)
                0x00000000000051d8                z_arm_fault
 .text.z_arm_fault_init
                0x00000000000052f8       0x10 zephyr/arch/arch/arm/core/aarch32/cortex_m/libarch__arm__core__aarch32__cortex_m.a(fault.c.obj)
                0x00000000000052f8                z_arm_fault_init
 .text.__fault  0x0000000000005308       0x14 zephyr/arch/arch/arm/core/aarch32/cortex_m/libarch__arm__core__aarch32__cortex_m.a(fault_s.S.obj)
                0x0000000000005308                z_arm_usage_fault
                0x0000000000005308                z_arm_mpu_fault
                0x0000000000005308                z_arm_exc_spurious
                0x0000000000005308                z_arm_debug_monitor
                0x0000000000005308                z_arm_hard_fault
                0x0000000000005308                z_arm_bus_fault
 .text.z_arm_interrupt_init
                0x000000000000531c       0x34 zephyr/arch/arch/arm/core/aarch32/cortex_m/libarch__arm__core__aarch32__cortex_m.a(irq_init.c.obj)
                0x000000000000531c                z_arm_interrupt_init
 .text._reset_section
                0x0000000000005350       0x60 zephyr/arch/arch/arm/core/aarch32/cortex_m/libarch__arm__core__aarch32__cortex_m.a(reset.S.obj)
                0x0000000000005350                __start
                0x0000000000005350                z_arm_reset
 .text.z_arm_clear_arm_mpu_config
                0x00000000000053b0       0x28 zephyr/arch/arch/arm/core/aarch32/cortex_m/libarch__arm__core__aarch32__cortex_m.a(scb.c.obj)
                0x00000000000053b0                z_arm_clear_arm_mpu_config
 .text.z_arm_init_arch_hw_at_boot
                0x00000000000053d8       0x54 zephyr/arch/arch/arm/core/aarch32/cortex_m/libarch__arm__core__aarch32__cortex_m.a(scb.c.obj)
                0x00000000000053d8                z_arm_init_arch_hw_at_boot
 .text.z_impl_k_thread_abort
                0x000000000000542c       0x34 zephyr/arch/arch/arm/core/aarch32/cortex_m/libarch__arm__core__aarch32__cortex_m.a(thread_abort.c.obj)
                0x000000000000542c                z_impl_k_thread_abort
 .text.z_arm_configure_static_mpu_regions
                0x0000000000005460       0x1c zephyr/arch/arch/arm/core/aarch32/mpu/libarch__arm__core__aarch32__mpu.a(arm_core_mpu.c.obj)
                0x0000000000005460                z_arm_configure_static_mpu_regions
 .text.z_arm_configure_dynamic_mpu_regions
                0x000000000000547c       0x24 zephyr/arch/arch/arm/core/aarch32/mpu/libarch__arm__core__aarch32__mpu.a(arm_core_mpu.c.obj)
                0x000000000000547c                z_arm_configure_dynamic_mpu_regions
 .text.region_init
                0x00000000000054a0       0x28 zephyr/arch/arch/arm/core/aarch32/mpu/libarch__arm__core__aarch32__mpu.a(arm_mpu.c.obj)
 .text.region_allocate_and_init
                0x00000000000054c8       0x9c zephyr/arch/arch/arm/core/aarch32/mpu/libarch__arm__core__aarch32__mpu.a(arm_mpu.c.obj)
 .text.mpu_configure_regions
                0x0000000000005564       0xd8 zephyr/arch/arch/arm/core/aarch32/mpu/libarch__arm__core__aarch32__mpu.a(arm_mpu.c.obj)
 .text.mpu_configure_static_mpu_regions
                0x000000000000563c       0x14 zephyr/arch/arch/arm/core/aarch32/mpu/libarch__arm__core__aarch32__mpu.a(arm_mpu.c.obj)
 .text.mpu_configure_dynamic_mpu_regions
                0x0000000000005650       0x34 zephyr/arch/arch/arm/core/aarch32/mpu/libarch__arm__core__aarch32__mpu.a(arm_mpu.c.obj)
 .text.arm_core_mpu_enable
                0x0000000000005684       0x18 zephyr/arch/arch/arm/core/aarch32/mpu/libarch__arm__core__aarch32__mpu.a(arm_mpu.c.obj)
                0x0000000000005684                arm_core_mpu_enable
 .text.arm_core_mpu_disable
                0x000000000000569c       0x14 zephyr/arch/arch/arm/core/aarch32/mpu/libarch__arm__core__aarch32__mpu.a(arm_mpu.c.obj)
                0x000000000000569c                arm_core_mpu_disable
 .text.arm_core_mpu_configure_static_mpu_regions
                0x00000000000056b0       0x44 zephyr/arch/arch/arm/core/aarch32/mpu/libarch__arm__core__aarch32__mpu.a(arm_mpu.c.obj)
                0x00000000000056b0                arm_core_mpu_configure_static_mpu_regions
 .text.arm_core_mpu_configure_dynamic_mpu_regions
                0x00000000000056f4       0x44 zephyr/arch/arch/arm/core/aarch32/mpu/libarch__arm__core__aarch32__mpu.a(arm_mpu.c.obj)
                0x00000000000056f4                arm_core_mpu_configure_dynamic_mpu_regions
 .text.z_arm_mpu_init
                0x0000000000005738       0xb8 zephyr/arch/arch/arm/core/aarch32/mpu/libarch__arm__core__aarch32__mpu.a(arm_mpu.c.obj)
                0x0000000000005738                z_arm_mpu_init
 .text.__stdout_hook_install
                0x00000000000057f0        0xc zephyr/lib/libc/minimal/liblib__libc__minimal.a(stdout_console.c.obj)
                0x00000000000057f0                __stdout_hook_install
 .text.nordicsemi_nrf52_init
                0x00000000000057fc       0x4c zephyr/soc/arm/nordic_nrf/nrf52/libsoc__arm__nordic_nrf__nrf52.a(soc.c.obj)
 .text.sys_arch_reboot
                0x0000000000005848       0x2c zephyr/soc/arm/nordic_nrf/nrf52/libsoc__arm__nordic_nrf__nrf52.a(soc.c.obj)
                0x0000000000005848                sys_arch_reboot
 .text.arch_busy_wait
                0x0000000000005874       0x18 zephyr/soc/arm/nordic_nrf/nrf52/libsoc__arm__nordic_nrf__nrf52.a(soc.c.obj)
                0x0000000000005874                arch_busy_wait
 .text.get_hf_flags
                0x000000000000588c        0x8 zephyr/drivers/clock_control/libdrivers__clock_control.a(clock_control_nrf.c.obj)
 .text.get_subsys
                0x0000000000005894        0xc zephyr/drivers/clock_control/libdrivers__clock_control.a(clock_control_nrf.c.obj)
 .text.onoff_start
                0x00000000000058a0       0x34 zephyr/drivers/clock_control/libdrivers__clock_control.a(clock_control_nrf.c.obj)
 .text.generic_hfclk_stop
                0x00000000000058d4       0x30 zephyr/drivers/clock_control/libdrivers__clock_control.a(clock_control_nrf.c.obj)
 .text.get_status
                0x0000000000005904       0x40 zephyr/drivers/clock_control/libdrivers__clock_control.a(clock_control_nrf.c.obj)
 .text.stop     0x0000000000005944       0x60 zephyr/drivers/clock_control/libdrivers__clock_control.a(clock_control_nrf.c.obj)
 .text.onoff_stop
                0x00000000000059a4       0x20 zephyr/drivers/clock_control/libdrivers__clock_control.a(clock_control_nrf.c.obj)
 .text.clock_event_handler
                0x00000000000059c4       0x78 zephyr/drivers/clock_control/libdrivers__clock_control.a(clock_control_nrf.c.obj)
 .text.api_blocking_start
                0x0000000000005a3c       0x38 zephyr/drivers/clock_control/libdrivers__clock_control.a(clock_control_nrf.c.obj)
 .text.clk_init
                0x0000000000005a74       0x60 zephyr/drivers/clock_control/libdrivers__clock_control.a(clock_control_nrf.c.obj)
 .text.lfclk_spinwait
                0x0000000000005ad4       0xe4 zephyr/drivers/clock_control/libdrivers__clock_control.a(clock_control_nrf.c.obj)
 .text.generic_hfclk_start
                0x0000000000005bb8       0x68 zephyr/drivers/clock_control/libdrivers__clock_control.a(clock_control_nrf.c.obj)
 .text.z_nrf_clock_control_lf_on
                0x0000000000005c20       0xa0 zephyr/drivers/clock_control/libdrivers__clock_control.a(clock_control_nrf.c.obj)
                0x0000000000005c20                z_nrf_clock_control_lf_on
 .text.console_out
                0x0000000000005cc0       0x2c zephyr/drivers/console/libdrivers__console.a(uart_console.c.obj)
 .text.uart_console_hook_install
                0x0000000000005cec       0x18 zephyr/drivers/console/libdrivers__console.a(uart_console.c.obj)
 .text.uart_console_init
                0x0000000000005d04       0x24 zephyr/drivers/console/libdrivers__console.a(uart_console.c.obj)
 .text.get_dev  0x0000000000005d28       0x1c zephyr/drivers/gpio/libdrivers__gpio.a(gpio_nrfx.c.obj)
 .text.gpio_nrfx_manage_callback
                0x0000000000005d44       0xcc zephyr/drivers/gpio/libdrivers__gpio.a(gpio_nrfx.c.obj)
 .text.nrfx_gpio_handler
                0x0000000000005e10       0x88 zephyr/drivers/gpio/libdrivers__gpio.a(gpio_nrfx.c.obj)
 .text.gpio_nrfx_pin_interrupt_configure
                0x0000000000005e98      0x134 zephyr/drivers/gpio/libdrivers__gpio.a(gpio_nrfx.c.obj)
 .text.gpio_nrfx_pin_configure
                0x0000000000005fcc      0x158 zephyr/drivers/gpio/libdrivers__gpio.a(gpio_nrfx.c.obj)
 .text.gpio_nrfx_init
                0x0000000000006124       0x3c zephyr/drivers/gpio/libdrivers__gpio.a(gpio_nrfx.c.obj)
 .text.pwm_nrfx_get_cycles_per_sec
                0x0000000000006160       0x10 zephyr/drivers/pwm/libdrivers__pwm.a(pwm_nrfx.c.obj)
 .text.channel_psel_get
                0x0000000000006170       0x44 zephyr/drivers/pwm/libdrivers__pwm.a(pwm_nrfx.c.obj)
 .text.pwm_period_check_and_set
                0x00000000000061b4      0x160 zephyr/drivers/pwm/libdrivers__pwm.a(pwm_nrfx.c.obj)
 .text.pwm_nrfx_init
                0x0000000000006314      0x1e8 zephyr/drivers/pwm/libdrivers__pwm.a(pwm_nrfx.c.obj)
 .text.pwm_nrfx_set_cycles
                0x00000000000064fc      0x29c zephyr/drivers/pwm/libdrivers__pwm.a(pwm_nrfx.c.obj)
 .text.baudrate_set
                0x0000000000006798      0x150 zephyr/drivers/serial/libdrivers__serial.a(uart_nrfx_uarte.c.obj)
 .text.uarte_nrfx_poll_out
                0x00000000000068e8       0x74 zephyr/drivers/serial/libdrivers__serial.a(uart_nrfx_uarte.c.obj)
 .text.endtx_stoptx_ppi_init
                0x000000000000695c       0x9c zephyr/drivers/serial/libdrivers__serial.a(uart_nrfx_uarte.c.obj)
 .text.set_comparator
                0x00000000000069f8       0x14 zephyr/drivers/timer/libdrivers__timer.a(nrf_rtc_timer.c.obj)
 .text.get_comparator
                0x0000000000006a0c       0x10 zephyr/drivers/timer/libdrivers__timer.a(nrf_rtc_timer.c.obj)
 .text.event_enable
                0x0000000000006a1c       0x14 zephyr/drivers/timer/libdrivers__timer.a(nrf_rtc_timer.c.obj)
 .text.event_disable
                0x0000000000006a30       0x14 zephyr/drivers/timer/libdrivers__timer.a(nrf_rtc_timer.c.obj)
 .text.counter  0x0000000000006a44        0xc zephyr/drivers/timer/libdrivers__timer.a(nrf_rtc_timer.c.obj)
 .text.compare_int_lock
                0x0000000000006a50       0x50 zephyr/drivers/timer/libdrivers__timer.a(nrf_rtc_timer.c.obj)
 .text.channel_processing_check_and_clear
                0x0000000000006aa0       0x78 zephyr/drivers/timer/libdrivers__timer.a(nrf_rtc_timer.c.obj)
 .text.compare_int_unlock
                0x0000000000006b18       0x60 zephyr/drivers/timer/libdrivers__timer.a(nrf_rtc_timer.c.obj)
 .text.sys_clock_timeout_handler
                0x0000000000006b78       0x78 zephyr/drivers/timer/libdrivers__timer.a(nrf_rtc_timer.c.obj)
 .text.z_nrf_rtc_timer_read
                0x0000000000006bf0       0x40 zephyr/drivers/timer/libdrivers__timer.a(nrf_rtc_timer.c.obj)
                0x0000000000006bf0                z_nrf_rtc_timer_read
 .text.compare_set_nolocks
                0x0000000000006c30       0xa0 zephyr/drivers/timer/libdrivers__timer.a(nrf_rtc_timer.c.obj)
 .text.sys_clock_driver_init
                0x0000000000006cd0       0x94 zephyr/drivers/timer/libdrivers__timer.a(nrf_rtc_timer.c.obj)
 .text.process_channel
                0x0000000000006d64       0x74 zephyr/drivers/timer/libdrivers__timer.a(nrf_rtc_timer.c.obj)
 .text.rtc_nrf_isr
                0x0000000000006dd8       0x44 zephyr/drivers/timer/libdrivers__timer.a(nrf_rtc_timer.c.obj)
                0x0000000000006dd8                rtc_nrf_isr
 .text.sys_clock_set_timeout
                0x0000000000006e1c       0x64 zephyr/drivers/timer/libdrivers__timer.a(nrf_rtc_timer.c.obj)
                0x0000000000006e1c                sys_clock_set_timeout
 .text.sys_clock_elapsed
                0x0000000000006e80       0x14 zephyr/drivers/timer/libdrivers__timer.a(nrf_rtc_timer.c.obj)
                0x0000000000006e80                sys_clock_elapsed
 .text.nrf_pin_configure
                0x0000000000006e94       0xc0 zephyr/drivers/pinctrl/libdrivers__pinctrl.a(pinctrl_nrf.c.obj)
 .text.pinctrl_configure_pins
                0x0000000000006f54      0x948 zephyr/drivers/pinctrl/libdrivers__pinctrl.a(pinctrl_nrf.c.obj)
                0x0000000000006f54                pinctrl_configure_pins
 .text.z_impl_gpio_pin_configure
                0x000000000000789c      0x1c4 modules/nrf/lib/dk_buttons_and_leds/lib..__nrf__lib__dk_buttons_and_leds.a(dk_buttons_and_leds.c.obj)
 .text.z_impl_gpio_pin_interrupt_configure
                0x0000000000007a60      0x148 modules/nrf/lib/dk_buttons_and_leds/lib..__nrf__lib__dk_buttons_and_leds.a(dk_buttons_and_leds.c.obj)
 .text.callback_ctrl
                0x0000000000007ba8       0x38 modules/nrf/lib/dk_buttons_and_leds/lib..__nrf__lib__dk_buttons_and_leds.a(dk_buttons_and_leds.c.obj)
 .text.get_buttons
                0x0000000000007be0       0xf8 modules/nrf/lib/dk_buttons_and_leds/lib..__nrf__lib__dk_buttons_and_leds.a(dk_buttons_and_leds.c.obj)
 .text.button_handlers_call
                0x0000000000007cd8       0x58 modules/nrf/lib/dk_buttons_and_leds/lib..__nrf__lib__dk_buttons_and_leds.a(dk_buttons_and_leds.c.obj)
 .text.button_pressed
                0x0000000000007d30      0x130 modules/nrf/lib/dk_buttons_and_leds/lib..__nrf__lib__dk_buttons_and_leds.a(dk_buttons_and_leds.c.obj)
 .text.buttons_scan_fn
                0x0000000000007e60      0x188 modules/nrf/lib/dk_buttons_and_leds/lib..__nrf__lib__dk_buttons_and_leds.a(dk_buttons_and_leds.c.obj)
 .text.dk_read_buttons
                0x0000000000007fe8       0x28 modules/nrf/lib/dk_buttons_and_leds/lib..__nrf__lib__dk_buttons_and_leds.a(dk_buttons_and_leds.c.obj)
                0x0000000000007fe8                dk_read_buttons
 .text.dk_buttons_init
                0x0000000000008010      0x254 modules/nrf/lib/dk_buttons_and_leds/lib..__nrf__lib__dk_buttons_and_leds.a(dk_buttons_and_leds.c.obj)
                0x0000000000008010                dk_buttons_init
 .text.dk_set_leds_state
                0x0000000000008264      0x154 modules/nrf/lib/dk_buttons_and_leds/lib..__nrf__lib__dk_buttons_and_leds.a(dk_buttons_and_leds.c.obj)
                0x0000000000008264                dk_set_leds_state
 .text.dk_leds_init
                0x00000000000083b8       0x90 modules/nrf/lib/dk_buttons_and_leds/lib..__nrf__lib__dk_buttons_and_leds.a(dk_buttons_and_leds.c.obj)
                0x00000000000083b8                dk_leds_init
 .text.dk_set_led
                0x0000000000008448      0x178 modules/nrf/lib/dk_buttons_and_leds/lib..__nrf__lib__dk_buttons_and_leds.a(dk_buttons_and_leds.c.obj)
                0x0000000000008448                dk_set_led
 .text.k_sys_fatal_error_handler
                0x00000000000085c0       0x64 modules/nrf/lib/fatal_error/lib..__nrf__lib__fatal_error.a(fatal_error.c.obj)
                0x00000000000085c0                k_sys_fatal_error_handler
 .text.nvmc_wait
                0x0000000000008624       0x10 modules/hal_nordic/nrfx/libmodules__hal_nordic__nrfx.a(system_nrf52840.c.obj)
                0x0000000000008624                nvmc_wait
 .text.nvmc_config
                0x0000000000008634       0x14 modules/hal_nordic/nrfx/libmodules__hal_nordic__nrfx.a(system_nrf52840.c.obj)
                0x0000000000008634                nvmc_config
 .text.SystemCoreClockUpdate
                0x0000000000008648       0x10 modules/hal_nordic/nrfx/libmodules__hal_nordic__nrfx.a(system_nrf52840.c.obj)
                0x0000000000008648                SystemCoreClockUpdate
 .text.SystemInit
                0x0000000000008658      0x1ac modules/hal_nordic/nrfx/libmodules__hal_nordic__nrfx.a(system_nrf52840.c.obj)
                0x0000000000008658                SystemInit
 .text.nrfx_flag32_alloc
                0x0000000000008804       0x50 modules/hal_nordic/nrfx/libmodules__hal_nordic__nrfx.a(nrfx_flag32_allocator.c.obj)
                0x0000000000008804                nrfx_flag32_alloc
 .text.nrfx_flag32_free
                0x0000000000008854       0x44 modules/hal_nordic/nrfx/libmodules__hal_nordic__nrfx.a(nrfx_flag32_allocator.c.obj)
                0x0000000000008854                nrfx_flag32_free
 .text.clock_stop
                0x0000000000008898      0x118 modules/hal_nordic/nrfx/libmodules__hal_nordic__nrfx.a(nrfx_clock.c.obj)
 .text.nrfx_clock_init
                0x00000000000089b0       0x54 modules/hal_nordic/nrfx/libmodules__hal_nordic__nrfx.a(nrfx_clock.c.obj)
                0x00000000000089b0                nrfx_clock_init
 .text.nrfx_clock_enable
                0x0000000000008a04       0x50 modules/hal_nordic/nrfx/libmodules__hal_nordic__nrfx.a(nrfx_clock.c.obj)
                0x0000000000008a04                nrfx_clock_enable
 .text.nrfx_clock_start
                0x0000000000008a54       0xec modules/hal_nordic/nrfx/libmodules__hal_nordic__nrfx.a(nrfx_clock.c.obj)
                0x0000000000008a54                nrfx_clock_start
 .text.nrfx_clock_stop
                0x0000000000008b40       0x40 modules/hal_nordic/nrfx/libmodules__hal_nordic__nrfx.a(nrfx_clock.c.obj)
                0x0000000000008b40                nrfx_clock_stop
 .text.nrfx_power_clock_irq_handler
                0x0000000000008b80       0x7c modules/hal_nordic/nrfx/libmodules__hal_nordic__nrfx.a(nrfx_clock.c.obj)
                0x0000000000008b80                nrfx_power_clock_irq_handler
 .text.pin_in_use
                0x0000000000008bfc       0x14 modules/hal_nordic/nrfx/libmodules__hal_nordic__nrfx.a(nrfx_gpiote.c.obj)
 .text.pin_in_use_by_te
                0x0000000000008c10       0x14 modules/hal_nordic/nrfx/libmodules__hal_nordic__nrfx.a(nrfx_gpiote.c.obj)
 .text.pin_has_trigger
                0x0000000000008c24       0x18 modules/hal_nordic/nrfx/libmodules__hal_nordic__nrfx.a(nrfx_gpiote.c.obj)
 .text.pin_is_output
                0x0000000000008c3c       0x14 modules/hal_nordic/nrfx/libmodules__hal_nordic__nrfx.a(nrfx_gpiote.c.obj)
 .text.pin_te_get
                0x0000000000008c50       0x10 modules/hal_nordic/nrfx/libmodules__hal_nordic__nrfx.a(nrfx_gpiote.c.obj)
 .text.handler_in_use
                0x0000000000008c60       0x34 modules/hal_nordic/nrfx/libmodules__hal_nordic__nrfx.a(nrfx_gpiote.c.obj)
 .text.find_handler
                0x0000000000008c94       0x2c modules/hal_nordic/nrfx/libmodules__hal_nordic__nrfx.a(nrfx_gpiote.c.obj)
 .text.channel_handler_get
                0x0000000000008cc0       0x20 modules/hal_nordic/nrfx/libmodules__hal_nordic__nrfx.a(nrfx_gpiote.c.obj)
 .text.call_handler
                0x0000000000008ce0       0x2c modules/hal_nordic/nrfx/libmodules__hal_nordic__nrfx.a(nrfx_gpiote.c.obj)
 .text.release_handler
                0x0000000000008d0c       0x74 modules/hal_nordic/nrfx/libmodules__hal_nordic__nrfx.a(nrfx_gpiote.c.obj)
 .text.pin_handler_trigger_uninit
                0x0000000000008d80       0x38 modules/hal_nordic/nrfx/libmodules__hal_nordic__nrfx.a(nrfx_gpiote.c.obj)
 .text.pin_handler_set
                0x0000000000008db8       0x6c modules/hal_nordic/nrfx/libmodules__hal_nordic__nrfx.a(nrfx_gpiote.c.obj)
 .text.gpiote_evt_handle
                0x0000000000008e24       0x44 modules/hal_nordic/nrfx/libmodules__hal_nordic__nrfx.a(nrfx_gpiote.c.obj)
 .text.latch_pending_read_and_check
                0x0000000000008e68       0x50 modules/hal_nordic/nrfx/libmodules__hal_nordic__nrfx.a(nrfx_gpiote.c.obj)
 .text.next_sense_cond_call_handler
                0x0000000000008eb8      0x284 modules/hal_nordic/nrfx/libmodules__hal_nordic__nrfx.a(nrfx_gpiote.c.obj)
 .text.port_event_handle
                0x000000000000913c      0x1bc modules/hal_nordic/nrfx/libmodules__hal_nordic__nrfx.a(nrfx_gpiote.c.obj)
 .text.nrfx_gpiote_input_configure
                0x00000000000092f8      0x1e8 modules/hal_nordic/nrfx/libmodules__hal_nordic__nrfx.a(nrfx_gpiote.c.obj)
                0x00000000000092f8                nrfx_gpiote_input_configure
 .text.nrfx_gpiote_output_configure
                0x00000000000094e0      0x1f4 modules/hal_nordic/nrfx/libmodules__hal_nordic__nrfx.a(nrfx_gpiote.c.obj)
                0x00000000000094e0                nrfx_gpiote_output_configure
 .text.nrfx_gpiote_global_callback_set
                0x00000000000096d4        0xc modules/hal_nordic/nrfx/libmodules__hal_nordic__nrfx.a(nrfx_gpiote.c.obj)
                0x00000000000096d4                nrfx_gpiote_global_callback_set
 .text.nrfx_gpiote_channel_get
                0x00000000000096e0       0x58 modules/hal_nordic/nrfx/libmodules__hal_nordic__nrfx.a(nrfx_gpiote.c.obj)
                0x00000000000096e0                nrfx_gpiote_channel_get
 .text.nrfx_gpiote_init
                0x0000000000009738       0x54 modules/hal_nordic/nrfx/libmodules__hal_nordic__nrfx.a(nrfx_gpiote.c.obj)
                0x0000000000009738                nrfx_gpiote_init
 .text.nrfx_gpiote_is_init
                0x000000000000978c       0x14 modules/hal_nordic/nrfx/libmodules__hal_nordic__nrfx.a(nrfx_gpiote.c.obj)
                0x000000000000978c                nrfx_gpiote_is_init
 .text.nrfx_gpiote_channel_free
                0x00000000000097a0       0x10 modules/hal_nordic/nrfx/libmodules__hal_nordic__nrfx.a(nrfx_gpiote.c.obj)
                0x00000000000097a0                nrfx_gpiote_channel_free
 .text.nrfx_gpiote_channel_alloc
                0x00000000000097b0       0x10 modules/hal_nordic/nrfx/libmodules__hal_nordic__nrfx.a(nrfx_gpiote.c.obj)
                0x00000000000097b0                nrfx_gpiote_channel_alloc
 .text.nrfx_gpiote_trigger_enable
                0x00000000000097c0      0x218 modules/hal_nordic/nrfx/libmodules__hal_nordic__nrfx.a(nrfx_gpiote.c.obj)
                0x00000000000097c0                nrfx_gpiote_trigger_enable
 .text.nrfx_gpiote_trigger_disable
                0x00000000000099d8       0xd0 modules/hal_nordic/nrfx/libmodules__hal_nordic__nrfx.a(nrfx_gpiote.c.obj)
                0x00000000000099d8                nrfx_gpiote_trigger_disable
 .text.nrfx_gpiote_pin_uninit
                0x0000000000009aa8       0xb8 modules/hal_nordic/nrfx/libmodules__hal_nordic__nrfx.a(nrfx_gpiote.c.obj)
                0x0000000000009aa8                nrfx_gpiote_pin_uninit
 .text.nrfx_gpiote_irq_handler
                0x0000000000009b60       0x60 modules/hal_nordic/nrfx/libmodules__hal_nordic__nrfx.a(nrfx_gpiote.c.obj)
                0x0000000000009b60                nrfx_gpiote_irq_handler
 .text.nrfx_ppi_channel_alloc
                0x0000000000009bc0       0x10 modules/hal_nordic/nrfx/libmodules__hal_nordic__nrfx.a(nrfx_ppi.c.obj)
                0x0000000000009bc0                nrfx_ppi_channel_alloc
 .text.configure_pins
                0x0000000000009bd0      0x224 modules/hal_nordic/nrfx/libmodules__hal_nordic__nrfx.a(nrfx_pwm.c.obj)
 .text.nrfx_pwm_init
                0x0000000000009df4      0x12c modules/hal_nordic/nrfx/libmodules__hal_nordic__nrfx.a(nrfx_pwm.c.obj)
                0x0000000000009df4                nrfx_pwm_init
 .text.nrfx_pwm_simple_playback
                0x0000000000009f20      0x314 modules/hal_nordic/nrfx/libmodules__hal_nordic__nrfx.a(nrfx_pwm.c.obj)
                0x0000000000009f20                nrfx_pwm_simple_playback
 .text.nrfx_pwm_is_stopped
                0x000000000000a234       0x70 modules/hal_nordic/nrfx/libmodules__hal_nordic__nrfx.a(nrfx_pwm.c.obj)
                0x000000000000a234                nrfx_pwm_is_stopped
 .text.nrfx_pwm_stop
                0x000000000000a2a4       0x70 modules/hal_nordic/nrfx/libmodules__hal_nordic__nrfx.a(nrfx_pwm.c.obj)
                0x000000000000a2a4                nrfx_pwm_stop
 .text.twi_process_error
                0x000000000000a314       0x34 modules/hal_nordic/nrfx/libmodules__hal_nordic__nrfx.a(nrfx_twim.c.obj)
 .text.twim_xfer
                0x000000000000a348      0x330 modules/hal_nordic/nrfx/libmodules__hal_nordic__nrfx.a(nrfx_twim.c.obj)
 .text.twim_irq_handler
                0x000000000000a678      0x210 modules/hal_nordic/nrfx/libmodules__hal_nordic__nrfx.a(nrfx_twim.c.obj)
 .text.twim_pins_configure
                0x000000000000a888      0x13c modules/hal_nordic/nrfx/libmodules__hal_nordic__nrfx.a(nrfx_twim.c.obj)
 .text.nrfx_twim_init
                0x000000000000a9c4       0xc8 modules/hal_nordic/nrfx/libmodules__hal_nordic__nrfx.a(nrfx_twim.c.obj)
                0x000000000000a9c4                nrfx_twim_init
 .text.nrfx_twim_enable
                0x000000000000aa8c       0x5c modules/hal_nordic/nrfx/libmodules__hal_nordic__nrfx.a(nrfx_twim.c.obj)
                0x000000000000aa8c                nrfx_twim_enable
 .text.nrfx_twim_xfer
                0x000000000000aae8       0xc4 modules/hal_nordic/nrfx/libmodules__hal_nordic__nrfx.a(nrfx_twim.c.obj)
                0x000000000000aae8                nrfx_twim_xfer
 .text.nrfx_twim_0_irq_handler
                0x000000000000abac       0x14 modules/hal_nordic/nrfx/libmodules__hal_nordic__nrfx.a(nrfx_twim.c.obj)
                0x000000000000abac                nrfx_twim_0_irq_handler
 .text.z_device_state_init
                0x000000000000abc0       0x18 zephyr/kernel/libkernel.a(device.c.obj)
                0x000000000000abc0                z_device_state_init
 .text.z_sys_init_run_level
                0x000000000000abd8       0x50 zephyr/kernel/libkernel.a(device.c.obj)
                0x000000000000abd8                z_sys_init_run_level
 .text.reason_to_str
                0x000000000000ac28       0x40 zephyr/kernel/libkernel.a(fatal.c.obj)
 .text.thread_name_get
                0x000000000000ac68       0x20 zephyr/kernel/libkernel.a(fatal.c.obj)
 .text.z_fatal_error
                0x000000000000ac88      0x258 zephyr/kernel/libkernel.a(fatal.c.obj)
                0x000000000000ac88                z_fatal_error
 .text.init_idle_thread
                0x000000000000aee0       0x5c zephyr/kernel/libkernel.a(init.c.obj)
 .text.bg_thread_main
                0x000000000000af3c       0x34 zephyr/kernel/libkernel.a(init.c.obj)
 .text.switch_to_main_thread
                0x000000000000af70       0x14 zephyr/kernel/libkernel.a(init.c.obj)
 .text.z_bss_zero
                0x000000000000af84       0x18 zephyr/kernel/libkernel.a(init.c.obj)
                0x000000000000af84                z_bss_zero
 .text.z_init_cpu
                0x000000000000af9c       0x44 zephyr/kernel/libkernel.a(init.c.obj)
                0x000000000000af9c                z_init_cpu
 .text.prepare_multithreading
                0x000000000000afe0       0x60 zephyr/kernel/libkernel.a(init.c.obj)
 .text.z_cstart
                0x000000000000b040       0x8c zephyr/kernel/libkernel.a(init.c.obj)
                0x000000000000b040                z_cstart
 .text.init_mem_slab_module
                0x000000000000b0cc       0x5c zephyr/kernel/libkernel.a(mem_slab.c.obj)
 .text.k_mem_slab_alloc
                0x000000000000b128       0xec zephyr/kernel/libkernel.a(mem_slab.c.obj)
                0x000000000000b128                k_mem_slab_alloc
 .text.k_mem_slab_free
                0x000000000000b214       0xd0 zephyr/kernel/libkernel.a(mem_slab.c.obj)
                0x000000000000b214                k_mem_slab_free
 .text.z_impl_k_thread_name_set
                0x000000000000b2e4       0x24 zephyr/kernel/libkernel.a(thread.c.obj)
                0x000000000000b2e4                z_impl_k_thread_name_set
 .text.schedule_new_thread
                0x000000000000b308       0x1c zephyr/kernel/libkernel.a(thread.c.obj)
 .text.z_spin_lock_valid
                0x000000000000b324       0x20 zephyr/kernel/libkernel.a(thread.c.obj)
                0x000000000000b324                z_spin_lock_valid
 .text.z_spin_unlock_valid
                0x000000000000b344       0x20 zephyr/kernel/libkernel.a(thread.c.obj)
                0x000000000000b344                z_spin_unlock_valid
 .text.z_spin_lock_set_owner
                0x000000000000b364       0x10 zephyr/kernel/libkernel.a(thread.c.obj)
                0x000000000000b364                z_spin_lock_set_owner
 .text.z_thread_monitor_exit
                0x000000000000b374       0xb4 zephyr/kernel/libkernel.a(thread.c.obj)
                0x000000000000b374                z_thread_monitor_exit
 .text.z_setup_new_thread
                0x000000000000b428      0x18c zephyr/kernel/libkernel.a(thread.c.obj)
                0x000000000000b428                z_setup_new_thread
 .text.z_impl_k_thread_create
                0x000000000000b5b4       0x94 zephyr/kernel/libkernel.a(thread.c.obj)
                0x000000000000b5b4                z_impl_k_thread_create
 .text.z_init_static_threads
                0x000000000000b648       0xf4 zephyr/kernel/libkernel.a(thread.c.obj)
                0x000000000000b648                z_init_static_threads
 .text.idle     0x000000000000b73c       0x68 zephyr/kernel/libkernel.a(idle.c.obj)
                0x000000000000b73c                idle
 .text.z_impl_k_mutex_lock
                0x000000000000b7a4      0x240 zephyr/kernel/libkernel.a(mutex.c.obj)
                0x000000000000b7a4                z_impl_k_mutex_lock
 .text.z_impl_k_mutex_unlock
                0x000000000000b9e4      0x140 zephyr/kernel/libkernel.a(mutex.c.obj)
                0x000000000000b9e4                z_impl_k_mutex_unlock
 .text.z_impl_k_sem_give
                0x000000000000bb24       0x88 zephyr/kernel/libkernel.a(sem.c.obj)
                0x000000000000bb24                z_impl_k_sem_give
 .text.z_impl_k_sem_take
                0x000000000000bbac      0x12c zephyr/kernel/libkernel.a(sem.c.obj)
                0x000000000000bbac                z_impl_k_sem_take
 .text.submit_to_queue_locked
                0x000000000000bcd8      0x10c zephyr/kernel/libkernel.a(work.c.obj)
 .text.work_timeout
                0x000000000000bde4       0xbc zephyr/kernel/libkernel.a(work.c.obj)
 .text.schedule_for_queue_locked
                0x000000000000bea0       0x34 zephyr/kernel/libkernel.a(work.c.obj)
 .text.finalize_cancel_locked
                0x000000000000bed4       0x7c zephyr/kernel/libkernel.a(work.c.obj)
 .text.work_queue_main
                0x000000000000bf50      0x1e8 zephyr/kernel/libkernel.a(work.c.obj)
 .text.k_work_queue_start
                0x000000000000c138      0x110 zephyr/kernel/libkernel.a(work.c.obj)
                0x000000000000c138                k_work_queue_start
 .text.k_work_init_delayable
                0x000000000000c248       0x68 zephyr/kernel/libkernel.a(work.c.obj)
                0x000000000000c248                k_work_init_delayable
 .text.k_work_schedule_for_queue
                0x000000000000c2b0       0xe4 zephyr/kernel/libkernel.a(work.c.obj)
                0x000000000000c2b0                k_work_schedule_for_queue
 .text.k_work_schedule
                0x000000000000c394       0x10 zephyr/kernel/libkernel.a(work.c.obj)
                0x000000000000c394                k_work_schedule
 .text.k_work_reschedule_for_queue
                0x000000000000c3a4       0xf0 zephyr/kernel/libkernel.a(work.c.obj)
                0x000000000000c3a4                k_work_reschedule_for_queue
 .text.k_work_reschedule
                0x000000000000c494       0x10 zephyr/kernel/libkernel.a(work.c.obj)
                0x000000000000c494                k_work_reschedule
 .text.pended_on_thread
                0x000000000000c4a4       0x34 zephyr/kernel/libkernel.a(sched.c.obj)
 .text.add_thread_timeout
                0x000000000000c4d8       0x20 zephyr/kernel/libkernel.a(sched.c.obj)
 .text.z_reset_time_slice
                0x000000000000c4f8       0x28 zephyr/kernel/libkernel.a(sched.c.obj)
                0x000000000000c4f8                z_reset_time_slice
 .text.k_sched_time_slice_set
                0x000000000000c520       0xec zephyr/kernel/libkernel.a(sched.c.obj)
                0x000000000000c520                k_sched_time_slice_set
 .text.z_unpend_thread_no_timeout
                0x000000000000c60c       0xb4 zephyr/kernel/libkernel.a(sched.c.obj)
                0x000000000000c60c                z_unpend_thread_no_timeout
 .text.z_reschedule
                0x000000000000c6c0       0x9c zephyr/kernel/libkernel.a(sched.c.obj)
                0x000000000000c6c0                z_reschedule
 .text.k_sched_lock
                0x000000000000c75c      0x104 zephyr/kernel/libkernel.a(sched.c.obj)
                0x000000000000c75c                k_sched_lock
 .text.z_priq_dumb_remove
                0x000000000000c860       0x48 zephyr/kernel/libkernel.a(sched.c.obj)
                0x000000000000c860                z_priq_dumb_remove
 .text.update_cache
                0x000000000000c8a8       0x84 zephyr/kernel/libkernel.a(sched.c.obj)
 .text.move_thread_to_end_of_prio_q
                0x000000000000c92c       0xb8 zephyr/kernel/libkernel.a(sched.c.obj)
 .text.slice_expired_locked
                0x000000000000c9e4       0x28 zephyr/kernel/libkernel.a(sched.c.obj)
 .text.z_time_slice
                0x000000000000ca0c      0x150 zephyr/kernel/libkernel.a(sched.c.obj)
                0x000000000000ca0c                z_time_slice
 .text.ready_thread
                0x000000000000cb5c       0xac zephyr/kernel/libkernel.a(sched.c.obj)
 .text.z_ready_thread
                0x000000000000cc08       0xac zephyr/kernel/libkernel.a(sched.c.obj)
                0x000000000000cc08                z_ready_thread
 .text.z_sched_start
                0x000000000000ccb4       0xb0 zephyr/kernel/libkernel.a(sched.c.obj)
                0x000000000000ccb4                z_sched_start
 .text.z_thread_timeout
                0x000000000000cd64       0xe8 zephyr/kernel/libkernel.a(sched.c.obj)
                0x000000000000cd64                z_thread_timeout
 .text.unready_thread
                0x000000000000ce4c       0x38 zephyr/kernel/libkernel.a(sched.c.obj)
 .text.add_to_waitq_locked
                0x000000000000ce84       0x84 zephyr/kernel/libkernel.a(sched.c.obj)
 .text.pend     0x000000000000cf08       0xb8 zephyr/kernel/libkernel.a(sched.c.obj)
 .text.z_pend_curr
                0x000000000000cfc0       0x60 zephyr/kernel/libkernel.a(sched.c.obj)
                0x000000000000cfc0                z_pend_curr
 .text.z_set_prio
                0x000000000000d020      0x15c zephyr/kernel/libkernel.a(sched.c.obj)
                0x000000000000d020                z_set_prio
 .text.z_impl_k_thread_suspend
                0x000000000000d17c       0xf8 zephyr/kernel/libkernel.a(sched.c.obj)
                0x000000000000d17c                z_impl_k_thread_suspend
 .text.k_sched_unlock
                0x000000000000d274      0x128 zephyr/kernel/libkernel.a(sched.c.obj)
                0x000000000000d274                k_sched_unlock
 .text.end_thread
                0x000000000000d39c       0x9c zephyr/kernel/libkernel.a(sched.c.obj)
 .text.z_unpend1_no_timeout
                0x000000000000d438       0xc0 zephyr/kernel/libkernel.a(sched.c.obj)
                0x000000000000d438                z_unpend1_no_timeout
 .text.z_unpend_first_thread
                0x000000000000d4f8       0xc8 zephyr/kernel/libkernel.a(sched.c.obj)
                0x000000000000d4f8                z_unpend_first_thread
 .text.z_sched_init
                0x000000000000d5c0       0x18 zephyr/kernel/libkernel.a(sched.c.obj)
                0x000000000000d5c0                z_sched_init
 .text.z_impl_k_yield
                0x000000000000d5d8      0x15c zephyr/kernel/libkernel.a(sched.c.obj)
                0x000000000000d5d8                z_impl_k_yield
 .text.z_tick_sleep
                0x000000000000d734      0x17c zephyr/kernel/libkernel.a(sched.c.obj)
 .text.z_impl_k_sleep
                0x000000000000d8b0       0x98 zephyr/kernel/libkernel.a(sched.c.obj)
                0x000000000000d8b0                z_impl_k_sleep
 .text.z_impl_z_current_get
                0x000000000000d948        0xc zephyr/kernel/libkernel.a(sched.c.obj)
                0x000000000000d948                z_impl_z_current_get
 .text.z_thread_abort
                0x000000000000d954      0x1b0 zephyr/kernel/libkernel.a(sched.c.obj)
                0x000000000000d954                z_thread_abort
 .text.z_sched_wake
                0x000000000000db04       0xe8 zephyr/kernel/libkernel.a(sched.c.obj)
                0x000000000000db04                z_sched_wake
 .text.z_sched_wait
                0x000000000000dbec       0x28 zephyr/kernel/libkernel.a(sched.c.obj)
                0x000000000000dbec                z_sched_wait
 .text.z_data_copy
                0x000000000000dc14       0x34 zephyr/kernel/libkernel.a(xip.c.obj)
                0x000000000000dc14                z_data_copy
 .text.first    0x000000000000dc48       0x14 zephyr/kernel/libkernel.a(timeout.c.obj)
 .text.next     0x000000000000dc5c       0x18 zephyr/kernel/libkernel.a(timeout.c.obj)
 .text.elapsed  0x000000000000dc74       0x18 zephyr/kernel/libkernel.a(timeout.c.obj)
 .text.next_timeout
                0x000000000000dc8c       0x4c zephyr/kernel/libkernel.a(timeout.c.obj)
 .text.z_add_timeout
                0x000000000000dcd8      0x1c8 zephyr/kernel/libkernel.a(timeout.c.obj)
                0x000000000000dcd8                z_add_timeout
 .text.z_abort_timeout
                0x000000000000dea0       0xb4 zephyr/kernel/libkernel.a(timeout.c.obj)
                0x000000000000dea0                z_abort_timeout
 .text.z_get_next_timeout_expiry
                0x000000000000df54       0xa4 zephyr/kernel/libkernel.a(timeout.c.obj)
                0x000000000000df54                z_get_next_timeout_expiry
 .text.z_set_timeout_expiry
                0x000000000000dff8       0xcc zephyr/kernel/libkernel.a(timeout.c.obj)
                0x000000000000dff8                z_set_timeout_expiry
 .text.sys_clock_announce
                0x000000000000e0c4      0x194 zephyr/kernel/libkernel.a(timeout.c.obj)
                0x000000000000e0c4                sys_clock_announce
 .text.sys_clock_tick_get
                0x000000000000e258       0xb4 zephyr/kernel/libkernel.a(timeout.c.obj)
                0x000000000000e258                sys_clock_tick_get
 .text.z_timer_expiration_handler
                0x000000000000e30c      0x1d8 zephyr/kernel/libkernel.a(timer.c.obj)
                0x000000000000e30c                z_timer_expiration_handler
 .text.z_impl_k_timer_start
                0x000000000000e4e4       0xac zephyr/kernel/libkernel.a(timer.c.obj)
                0x000000000000e4e4                z_impl_k_timer_start
 .text.boot_banner
                0x000000000000e590       0x1c zephyr/kernel/libkernel.a(banner.c.obj)
                0x000000000000e590                boot_banner
 .text.k_sys_work_q_init
                0x000000000000e5ac       0x34 zephyr/kernel/libkernel.a(system_work_q.c.obj)
 .text.nrf_cc3xx_platform_init_no_rng
                0x000000000000e5e0       0x38 C:/Nordic_Semiconductor/SDKs/ncs/v2.1.0/nrfxlib/crypto/nrf_cc310_platform/lib/cortex-m4/soft-float/no-interrupts/libnrf_cc310_platform_0.9.15.a(nrf_cc3xx_platform.c.obj)
                0x000000000000e5e0                nrf_cc3xx_platform_init_no_rng
 .text.nrf_cc3xx_platform_abort
                0x000000000000e618       0x24 C:/Nordic_Semiconductor/SDKs/ncs/v2.1.0/nrfxlib/crypto/nrf_cc310_platform/lib/cortex-m4/soft-float/no-interrupts/libnrf_cc310_platform_0.9.15.a(nrf_cc3xx_platform_abort.c.obj)
 .text.CC_PalAbort
                0x000000000000e63c       0x34 C:/Nordic_Semiconductor/SDKs/ncs/v2.1.0/nrfxlib/crypto/nrf_cc310_platform/lib/cortex-m4/soft-float/no-interrupts/libnrf_cc310_platform_0.9.15.a(nrf_cc3xx_platform_abort.c.obj)
                0x000000000000e63c                CC_PalAbort
 .text.nrf_cc3xx_platform_set_abort
                0x000000000000e670       0x10 C:/Nordic_Semiconductor/SDKs/ncs/v2.1.0/nrfxlib/crypto/nrf_cc310_platform/lib/cortex-m4/soft-float/no-interrupts/libnrf_cc310_platform_0.9.15.a(nrf_cc3xx_platform_abort.c.obj)
                0x000000000000e670                nrf_cc3xx_platform_set_abort
 .text.mutex_free
                0x000000000000e680       0x28 C:/Nordic_Semiconductor/SDKs/ncs/v2.1.0/nrfxlib/crypto/nrf_cc310_platform/lib/cortex-m4/soft-float/no-interrupts/libnrf_cc310_platform_0.9.15.a(nrf_cc3xx_platform_mutex.c.obj)
 .text.mutex_lock
                0x000000000000e6a8       0x40 C:/Nordic_Semiconductor/SDKs/ncs/v2.1.0/nrfxlib/crypto/nrf_cc310_platform/lib/cortex-m4/soft-float/no-interrupts/libnrf_cc310_platform_0.9.15.a(nrf_cc3xx_platform_mutex.c.obj)
 .text.mutex_unlock
                0x000000000000e6e8       0x2c C:/Nordic_Semiconductor/SDKs/ncs/v2.1.0/nrfxlib/crypto/nrf_cc310_platform/lib/cortex-m4/soft-float/no-interrupts/libnrf_cc310_platform_0.9.15.a(nrf_cc3xx_platform_mutex.c.obj)
 .text.mutex_init
                0x000000000000e714       0x1c C:/Nordic_Semiconductor/SDKs/ncs/v2.1.0/nrfxlib/crypto/nrf_cc310_platform/lib/cortex-m4/soft-float/no-interrupts/libnrf_cc310_platform_0.9.15.a(nrf_cc3xx_platform_mutex.c.obj)
 .text.nrf_cc3xx_platform_set_mutexes
                0x000000000000e730       0x60 C:/Nordic_Semiconductor/SDKs/ncs/v2.1.0/nrfxlib/crypto/nrf_cc310_platform/lib/cortex-m4/soft-float/no-interrupts/libnrf_cc310_platform_0.9.15.a(nrf_cc3xx_platform_mutex.c.obj)
                0x000000000000e730                nrf_cc3xx_platform_set_mutexes
 .text.CC_LibInitNoRng
                0x000000000000e790       0x64 C:/Nordic_Semiconductor/SDKs/ncs/v2.1.0/nrfxlib/crypto/nrf_cc310_platform/lib/cortex-m4/soft-float/no-interrupts/libnrf_cc310_platform_0.9.15.a(cc_lib.c.obj)
                0x000000000000e790                CC_LibInitNoRng
 .text.CC_HalInit
                0x000000000000e7f4        0x4 C:/Nordic_Semiconductor/SDKs/ncs/v2.1.0/nrfxlib/crypto/nrf_cc310_platform/lib/cortex-m4/soft-float/no-interrupts/libnrf_cc310_platform_0.9.15.a(cc_hal.c.obj)
                0x000000000000e7f4                CC_HalInit
 .text.CC_HalTerminate
                0x000000000000e7f8        0x4 C:/Nordic_Semiconductor/SDKs/ncs/v2.1.0/nrfxlib/crypto/nrf_cc310_platform/lib/cortex-m4/soft-float/no-interrupts/libnrf_cc310_platform_0.9.15.a(cc_hal.c.obj)
                0x000000000000e7f8                CC_HalTerminate
 .text.CC_HalMaskInterrupt
                0x000000000000e7fc        0xc C:/Nordic_Semiconductor/SDKs/ncs/v2.1.0/nrfxlib/crypto/nrf_cc310_platform/lib/cortex-m4/soft-float/no-interrupts/libnrf_cc310_platform_0.9.15.a(cc_hal.c.obj)
                0x000000000000e7fc                CC_HalMaskInterrupt
 .text.CC_PalInit
                0x000000000000e808       0x5c C:/Nordic_Semiconductor/SDKs/ncs/v2.1.0/nrfxlib/crypto/nrf_cc310_platform/lib/cortex-m4/soft-float/no-interrupts/libnrf_cc310_platform_0.9.15.a(cc_pal.c.obj)
                0x000000000000e808                CC_PalInit
 .text.CC_PalTerminate
                0x000000000000e864       0x34 C:/Nordic_Semiconductor/SDKs/ncs/v2.1.0/nrfxlib/crypto/nrf_cc310_platform/lib/cortex-m4/soft-float/no-interrupts/libnrf_cc310_platform_0.9.15.a(cc_pal.c.obj)
                0x000000000000e864                CC_PalTerminate
 .text.CC_PalDmaInit
                0x000000000000e898        0x4 C:/Nordic_Semiconductor/SDKs/ncs/v2.1.0/nrfxlib/crypto/nrf_cc310_platform/lib/cortex-m4/soft-float/no-interrupts/libnrf_cc310_platform_0.9.15.a(cc_pal_dma.c.obj)
                0x000000000000e898                CC_PalDmaInit
 .text.CC_PalDmaTerminate
                0x000000000000e89c        0x4 C:/Nordic_Semiconductor/SDKs/ncs/v2.1.0/nrfxlib/crypto/nrf_cc310_platform/lib/cortex-m4/soft-float/no-interrupts/libnrf_cc310_platform_0.9.15.a(cc_pal_dma.c.obj)
                0x000000000000e89c                CC_PalDmaTerminate
 .text.CC_PalMutexCreate
                0x000000000000e8a0       0x14 C:/Nordic_Semiconductor/SDKs/ncs/v2.1.0/nrfxlib/crypto/nrf_cc310_platform/lib/cortex-m4/soft-float/no-interrupts/libnrf_cc310_platform_0.9.15.a(cc_pal_mutex.c.obj)
                0x000000000000e8a0                CC_PalMutexCreate
 .text.CC_PalMutexDestroy
                0x000000000000e8b4       0x14 C:/Nordic_Semiconductor/SDKs/ncs/v2.1.0/nrfxlib/crypto/nrf_cc310_platform/lib/cortex-m4/soft-float/no-interrupts/libnrf_cc310_platform_0.9.15.a(cc_pal_mutex.c.obj)
                0x000000000000e8b4                CC_PalMutexDestroy
 .text.CC_PalPowerSaveModeInit
                0x000000000000e8c8       0x3c C:/Nordic_Semiconductor/SDKs/ncs/v2.1.0/nrfxlib/crypto/nrf_cc310_platform/lib/cortex-m4/soft-float/no-interrupts/libnrf_cc310_platform_0.9.15.a(cc_pal_pm.c.obj)
                0x000000000000e8c8                CC_PalPowerSaveModeInit
 .text.CC_PalPowerSaveModeSelect
                0x000000000000e904       0x84 C:/Nordic_Semiconductor/SDKs/ncs/v2.1.0/nrfxlib/crypto/nrf_cc310_platform/lib/cortex-m4/soft-float/no-interrupts/libnrf_cc310_platform_0.9.15.a(cc_pal_pm.c.obj)
                0x000000000000e904                CC_PalPowerSaveModeSelect
 .text.app_mpu_init
                0x000000000000e988       0x28 app/libapp.a(mpu_sensor.c.obj)
                0x000000000000e988                app_mpu_init
 .text.app_mpu_config
                0x000000000000e9b0        0xe app/libapp.a(mpu_sensor.c.obj)
                0x000000000000e9b0                app_mpu_config
 .text.mpu_sensor_init
                0x000000000000e9be       0x3a app/libapp.a(mpu_sensor.c.obj)
                0x000000000000e9be                mpu_sensor_init
 .text.cbprintf_via_va_list
                0x000000000000e9f8        0xe zephyr/libzephyr.a(cbprintf_packaged.c.obj)
 .text.append_string
                0x000000000000ea06       0x2e zephyr/libzephyr.a(cbprintf_packaged.c.obj)
 .text.cbpprintf_external
                0x000000000000ea34       0x5e zephyr/libzephyr.a(cbprintf_packaged.c.obj)
                0x000000000000ea34                cbpprintf_external
 .text.sys_notify_validate
                0x000000000000ea92       0x2e zephyr/libzephyr.a(notify.c.obj)
                0x000000000000ea92                sys_notify_validate
 .text.arch_printk_char_out
                0x000000000000eac0        0x4 zephyr/libzephyr.a(printk.c.obj)
                0x000000000000eac0                arch_printk_char_out
 .text.str_out  0x000000000000eac4       0x30 zephyr/libzephyr.a(printk.c.obj)
 .text.printk   0x000000000000eaf4       0x1c zephyr/libzephyr.a(printk.c.obj)
                0x000000000000eaf4                printk
 .text.snprintk
                0x000000000000eb10       0x1c zephyr/libzephyr.a(printk.c.obj)
                0x000000000000eb10                snprintk
 .text.set_state
                0x000000000000eb2c       0x10 zephyr/libzephyr.a(onoff.c.obj)
 .text.notify_monitors
                0x000000000000eb3c       0x3e zephyr/libzephyr.a(onoff.c.obj)
 .text.process_recheck
                0x000000000000eb7a       0x32 zephyr/libzephyr.a(onoff.c.obj)
 .text.validate_args
                0x000000000000ebac       0x2c zephyr/libzephyr.a(onoff.c.obj)
 .text.notify_one
                0x000000000000ebd8       0x26 zephyr/libzephyr.a(onoff.c.obj)
 .text.notify_all
                0x000000000000ebfe       0x2e zephyr/libzephyr.a(onoff.c.obj)
 .text.onoff_manager_init
                0x000000000000ec2c       0x38 zephyr/libzephyr.a(onoff.c.obj)
                0x000000000000ec2c                onoff_manager_init
 .text.z_thread_entry
                0x000000000000ec64       0x14 zephyr/libzephyr.a(thread_entry.c.obj)
                0x000000000000ec64                z_thread_entry
 .text.extract_decimal
                0x000000000000ec78       0x24 zephyr/libzephyr.a(cbprintf_complete.c.obj)
 .text.encode_uint
                0x000000000000ec9c       0xd4 zephyr/libzephyr.a(cbprintf_complete.c.obj)
 .text.outs     0x000000000000ed70       0x34 zephyr/libzephyr.a(cbprintf_complete.c.obj)
 .text.assert_post_action
                0x000000000000eda4        0xe zephyr/libzephyr.a(assert.c.obj)
                0x000000000000eda4                assert_post_action
 .text.assert_print
                0x000000000000edb2       0x1c zephyr/libzephyr.a(assert.c.obj)
                0x000000000000edb2                assert_print
 .text.add_skip_item
                0x000000000000edce       0x52 zephyr/libzephyr.a(mpsc_pbuf.c.obj)
 .text.drop_item_locked
                0x000000000000ee20      0x112 zephyr/libzephyr.a(mpsc_pbuf.c.obj)
 .text.mpsc_pbuf_is_pending
                0x000000000000ef32       0x18 zephyr/libzephyr.a(mpsc_pbuf.c.obj)
                0x000000000000ef32                mpsc_pbuf_is_pending
 .text._ConfigAbsSyms
                0x000000000000ef4a        0x2 zephyr/libzephyr.a(configs.c.obj)
                0x000000000000ef4a                _ConfigAbsSyms
 .text.log_msg_generic_get_wlen
                0x000000000000ef4c       0x22 zephyr/libzephyr.a(log_core.c.obj)
 .text.dummy_timestamp
                0x000000000000ef6e        0x4 zephyr/libzephyr.a(log_core.c.obj)
 .text.msg_filter_check
                0x000000000000ef72        0x4 zephyr/libzephyr.a(log_core.c.obj)
 .text.default_get_timestamp
                0x000000000000ef76        0x8 zephyr/libzephyr.a(log_core.c.obj)
 .text.notify_drop
                0x000000000000ef7e        0xa zephyr/libzephyr.a(log_core.c.obj)
 .text.z_log_get_tag
                0x000000000000ef88        0x4 zephyr/libzephyr.a(log_core.c.obj)
                0x000000000000ef88                z_log_get_tag
 .text.z_cbprintf_cpy
                0x000000000000ef8c       0x2c zephyr/libzephyr.a(log_msg.c.obj)
 .text.z_log_msg_finalize
                0x000000000000efb8       0x32 zephyr/libzephyr.a(log_msg.c.obj)
                0x000000000000efb8                z_log_msg_finalize
 .text.buffer_write
                0x000000000000efea       0x1a zephyr/libzephyr.a(log_output.c.obj)
 .text.cbvprintf
                0x000000000000f004       0x10 zephyr/libzephyr.a(log_output.c.obj)
 .text.color_prefix
                0x000000000000f014        0xc zephyr/libzephyr.a(log_output.c.obj)
 .text.color_postfix
                0x000000000000f020        0xc zephyr/libzephyr.a(log_output.c.obj)
 .text.postfix_print
                0x000000000000f02c       0x18 zephyr/libzephyr.a(log_output.c.obj)
 .text.log_msg_hexdump
                0x000000000000f044       0x36 zephyr/libzephyr.a(log_output.c.obj)
 .text.log_output_flush
                0x000000000000f07a       0x1a zephyr/libzephyr.a(log_output.c.obj)
                0x000000000000f07a                log_output_flush
 .text.cr_out_func
                0x000000000000f094       0x1c zephyr/libzephyr.a(log_output.c.obj)
 .text.pm_policy_state_lock_is_active
                0x000000000000f0b0        0x4 zephyr/libzephyr.a(policy.c.obj)
                0x000000000000f0b0                pm_policy_state_lock_is_active
 .text.abort_function
                0x000000000000f0b4        0x8 zephyr/libzephyr.a(nrf_cc3xx_platform_abort_zephyr.c.obj)
 .text.z_arm_fatal_error
                0x000000000000f0bc       0x18 zephyr/arch/arch/arm/core/aarch32/libarch__arm__core__aarch32.a(fatal.c.obj)
                0x000000000000f0bc                z_arm_fatal_error
 .text.z_do_kernel_oops
                0x000000000000f0d4        0xc zephyr/arch/arch/arm/core/aarch32/libarch__arm__core__aarch32.a(fatal.c.obj)
                0x000000000000f0d4                z_do_kernel_oops
 .text.z_irq_spurious
                0x000000000000f0e0        0xc zephyr/arch/arch/arm/core/aarch32/libarch__arm__core__aarch32.a(irq_manage.c.obj)
                0x000000000000f0e0                z_irq_spurious
 .text.z_arm_nmi
                0x000000000000f0ec        0xc zephyr/arch/arch/arm/core/aarch32/libarch__arm__core__aarch32.a(nmi.c.obj)
                0x000000000000f0ec                z_arm_nmi
 .text.memory_fault_recoverable
                0x000000000000f0f8        0x4 zephyr/arch/arch/arm/core/aarch32/cortex_m/libarch__arm__core__aarch32__cortex_m.a(fault.c.obj)
 .text.fault_handle
                0x000000000000f0fc       0x4a zephyr/arch/arch/arm/core/aarch32/cortex_m/libarch__arm__core__aarch32__cortex_m.a(fault.c.obj)
 .text.mpu_partition_is_valid
                0x000000000000f146       0x22 zephyr/arch/arch/arm/core/aarch32/mpu/libarch__arm__core__aarch32__mpu.a(arm_mpu.c.obj)
 .text.mpu_configure_region
                0x000000000000f168       0x3e zephyr/arch/arch/arm/core/aarch32/mpu/libarch__arm__core__aarch32__mpu.a(arm_mpu.c.obj)
 .text.strncpy  0x000000000000f1a6       0x34 zephyr/lib/libc/minimal/liblib__libc__minimal.a(string.c.obj)
                0x000000000000f1a6                strncpy
 .text.strlen   0x000000000000f1da       0x12 zephyr/lib/libc/minimal/liblib__libc__minimal.a(string.c.obj)
                0x000000000000f1da                strlen
 .text.strnlen  0x000000000000f1ec       0x14 zephyr/lib/libc/minimal/liblib__libc__minimal.a(string.c.obj)
                0x000000000000f1ec                strnlen
 .text.memcpy   0x000000000000f200       0x5e zephyr/lib/libc/minimal/liblib__libc__minimal.a(string.c.obj)
                0x000000000000f200                memcpy
 .text.memset   0x000000000000f25e       0x3c zephyr/lib/libc/minimal/liblib__libc__minimal.a(string.c.obj)
                0x000000000000f25e                memset
 .text._stdout_hook_default
                0x000000000000f29a        0x6 zephyr/lib/libc/minimal/liblib__libc__minimal.a(stdout_console.c.obj)
 .text.nrf52_errata_197
                0x000000000000f2a0       0x20 zephyr/soc/arm/nordic_nrf/nrf52/libsoc__arm__nordic_nrf__nrf52.a(soc.c.obj)
 .text.pm_state_set
                0x000000000000f2c0       0x18 zephyr/soc/arm/nordic_nrf/nrf52/libsoc__arm__nordic_nrf__nrf52.a(power.c.obj)
                0x000000000000f2c0                pm_state_set
 .text.pm_state_exit_post_ops
                0x000000000000f2d8        0xc zephyr/soc/arm/nordic_nrf/nrf52/libsoc__arm__nordic_nrf__nrf52.a(power.c.obj)
                0x000000000000f2d8                pm_state_exit_post_ops
 .text.get_sub_data
                0x000000000000f2e4        0xe zephyr/drivers/clock_control/libdrivers__clock_control.a(clock_control_nrf.c.obj)
 .text.get_sub_config
                0x000000000000f2f2        0xc zephyr/drivers/clock_control/libdrivers__clock_control.a(clock_control_nrf.c.obj)
 .text.get_onoff_manager
                0x000000000000f2fe        0x8 zephyr/drivers/clock_control/libdrivers__clock_control.a(clock_control_nrf.c.obj)
 .text.set_off_state
                0x000000000000f306       0x32 zephyr/drivers/clock_control/libdrivers__clock_control.a(clock_control_nrf.c.obj)
 .text.set_starting_state
                0x000000000000f338       0x3c zephyr/drivers/clock_control/libdrivers__clock_control.a(clock_control_nrf.c.obj)
 .text.set_on_state
                0x000000000000f374       0x26 zephyr/drivers/clock_control/libdrivers__clock_control.a(clock_control_nrf.c.obj)
 .text.clkstarted_handle
                0x000000000000f39a       0x24 zephyr/drivers/clock_control/libdrivers__clock_control.a(clock_control_nrf.c.obj)
 .text.async_start
                0x000000000000f3be       0x38 zephyr/drivers/clock_control/libdrivers__clock_control.a(clock_control_nrf.c.obj)
 .text.api_start
                0x000000000000f3f6       0x10 zephyr/drivers/clock_control/libdrivers__clock_control.a(clock_control_nrf.c.obj)
 .text.onoff_started_callback
                0x000000000000f406       0x10 zephyr/drivers/clock_control/libdrivers__clock_control.a(clock_control_nrf.c.obj)
 .text.hfclk_start
                0x000000000000f416        0xa zephyr/drivers/clock_control/libdrivers__clock_control.a(clock_control_nrf.c.obj)
 .text.lfclk_start
                0x000000000000f420        0xa zephyr/drivers/clock_control/libdrivers__clock_control.a(clock_control_nrf.c.obj)
 .text.hfclk_stop
                0x000000000000f42a        0xa zephyr/drivers/clock_control/libdrivers__clock_control.a(clock_control_nrf.c.obj)
 .text.lfclk_stop
                0x000000000000f434        0xa zephyr/drivers/clock_control/libdrivers__clock_control.a(clock_control_nrf.c.obj)
 .text.api_stop
                0x000000000000f43e        0xa zephyr/drivers/clock_control/libdrivers__clock_control.a(clock_control_nrf.c.obj)
 .text.blocking_start_callback
                0x000000000000f448        0xa zephyr/drivers/clock_control/libdrivers__clock_control.a(clock_control_nrf.c.obj)
 .text.get_drive
                0x000000000000f452       0x86 zephyr/drivers/gpio/libdrivers__gpio.a(gpio_nrfx.c.obj)
 .text.get_pull
                0x000000000000f4d8       0x18 zephyr/drivers/gpio/libdrivers__gpio.a(gpio_nrfx.c.obj)
 .text.gpio_nrfx_port_get_raw
                0x000000000000f4f0        0xe zephyr/drivers/gpio/libdrivers__gpio.a(gpio_nrfx.c.obj)
 .text.gpio_nrfx_port_set_masked_raw
                0x000000000000f4fe       0x18 zephyr/drivers/gpio/libdrivers__gpio.a(gpio_nrfx.c.obj)
 .text.gpio_nrfx_port_set_bits_raw
                0x000000000000f516        0xc zephyr/drivers/gpio/libdrivers__gpio.a(gpio_nrfx.c.obj)
 .text.gpio_nrfx_port_clear_bits_raw
                0x000000000000f522        0xc zephyr/drivers/gpio/libdrivers__gpio.a(gpio_nrfx.c.obj)
 .text.gpio_nrfx_port_toggle_bits
                0x000000000000f52e       0x1a zephyr/drivers/gpio/libdrivers__gpio.a(gpio_nrfx.c.obj)
 .text.get_trigger
                0x000000000000f548       0x2c zephyr/drivers/gpio/libdrivers__gpio.a(gpio_nrfx.c.obj)
 .text.endtx_isr
                0x000000000000f574       0x32 zephyr/drivers/serial/libdrivers__serial.a(uart_nrfx_uarte.c.obj)
 .text.uarte_nrfx_isr_int
                0x000000000000f5a6       0x52 zephyr/drivers/serial/libdrivers__serial.a(uart_nrfx_uarte.c.obj)
 .text.uarte_nrfx_configure
                0x000000000000f5f8       0xa6 zephyr/drivers/serial/libdrivers__serial.a(uart_nrfx_uarte.c.obj)
 .text.uarte_nrfx_config_get
                0x000000000000f69e       0x12 zephyr/drivers/serial/libdrivers__serial.a(uart_nrfx_uarte.c.obj)
 .text.uarte_nrfx_err_check
                0x000000000000f6b0        0xe zephyr/drivers/serial/libdrivers__serial.a(uart_nrfx_uarte.c.obj)
 .text.is_tx_ready
                0x000000000000f6be       0x28 zephyr/drivers/serial/libdrivers__serial.a(uart_nrfx_uarte.c.obj)
 .text.uarte_enable
                0x000000000000f6e6        0xc zephyr/drivers/serial/libdrivers__serial.a(uart_nrfx_uarte.c.obj)
 .text.tx_start
                0x000000000000f6f2       0x3e zephyr/drivers/serial/libdrivers__serial.a(uart_nrfx_uarte.c.obj)
 .text.uarte_nrfx_poll_in
                0x000000000000f730       0x2c zephyr/drivers/serial/libdrivers__serial.a(uart_nrfx_uarte.c.obj)
 .text.wait_tx_ready
                0x000000000000f75c       0x4e zephyr/drivers/serial/libdrivers__serial.a(uart_nrfx_uarte.c.obj)
 .text.uarte_instance_init
                0x000000000000f7aa       0xc2 zephyr/drivers/serial/libdrivers__serial.a(uart_nrfx_uarte.c.obj)
 .text.uarte_0_init
                0x000000000000f86c       0x1e zephyr/drivers/serial/libdrivers__serial.a(uart_nrfx_uarte.c.obj)
 .text.uarte_1_init
                0x000000000000f88a       0x1e zephyr/drivers/serial/libdrivers__serial.a(uart_nrfx_uarte.c.obj)
 .text.sys_clock_idle_exit
                0x000000000000f8a8        0x2 zephyr/drivers/timer/libdrivers__timer.a(sys_clock_init.c.obj)
                0x000000000000f8a8                sys_clock_idle_exit
 .text.counter_sub
                0x000000000000f8aa        0x8 zephyr/drivers/timer/libdrivers__timer.a(nrf_rtc_timer.c.obj)
 .text.event_clear
                0x000000000000f8b2       0x18 zephyr/drivers/timer/libdrivers__timer.a(nrf_rtc_timer.c.obj)
 .text.absolute_time_to_cc
                0x000000000000f8ca        0x6 zephyr/drivers/timer/libdrivers__timer.a(nrf_rtc_timer.c.obj)
 .text.full_int_lock
                0x000000000000f8d0       0x12 zephyr/drivers/timer/libdrivers__timer.a(nrf_rtc_timer.c.obj)
 .text.full_int_unlock
                0x000000000000f8e2        0xa zephyr/drivers/timer/libdrivers__timer.a(nrf_rtc_timer.c.obj)
 .text.set_absolute_alarm
                0x000000000000f8ec       0x76 zephyr/drivers/timer/libdrivers__timer.a(nrf_rtc_timer.c.obj)
 .text.compare_set
                0x000000000000f962       0x32 zephyr/drivers/timer/libdrivers__timer.a(nrf_rtc_timer.c.obj)
 .text.sys_clock_cycle_get_32
                0x000000000000f994        0x8 zephyr/drivers/timer/libdrivers__timer.a(nrf_rtc_timer.c.obj)
                0x000000000000f994                sys_clock_cycle_get_32
 .text.pinctrl_lookup_state
                0x000000000000f99c       0x34 zephyr/drivers/pinctrl/libdrivers__pinctrl.a(common.c.obj)
                0x000000000000f99c                pinctrl_lookup_state
 .text.hw_cc3xx_init_internal
                0x000000000000f9d0        0x8 modules/nrf/drivers/hw_cc310/lib..__nrf__drivers__hw_cc310.a(hw_cc310.c.obj)
 .text.hw_cc3xx_init
                0x000000000000f9d8       0x14 modules/nrf/drivers/hw_cc310/lib..__nrf__drivers__hw_cc310.a(hw_cc310.c.obj)
 .text.nrf52_errata_36
                0x000000000000f9ec       0x14 modules/hal_nordic/nrfx/libmodules__hal_nordic__nrfx.a(system_nrf52840.c.obj)
 .text.nrf52_errata_66
                0x000000000000fa00       0x14 modules/hal_nordic/nrfx/libmodules__hal_nordic__nrfx.a(system_nrf52840.c.obj)
 .text.nrf52_errata_98
                0x000000000000fa14       0x26 modules/hal_nordic/nrfx/libmodules__hal_nordic__nrfx.a(system_nrf52840.c.obj)
 .text.nrf52_errata_103
                0x000000000000fa3a       0x26 modules/hal_nordic/nrfx/libmodules__hal_nordic__nrfx.a(system_nrf52840.c.obj)
 .text.nrf52_errata_115
                0x000000000000fa60       0x26 modules/hal_nordic/nrfx/libmodules__hal_nordic__nrfx.a(system_nrf52840.c.obj)
 .text.nrf52_errata_120
                0x000000000000fa86       0x26 modules/hal_nordic/nrfx/libmodules__hal_nordic__nrfx.a(system_nrf52840.c.obj)
 .text.nrf52_errata_136
                0x000000000000faac       0x14 modules/hal_nordic/nrfx/libmodules__hal_nordic__nrfx.a(system_nrf52840.c.obj)
 .text.nrf52_configuration_249
                0x000000000000fac0       0x20 modules/hal_nordic/nrfx/libmodules__hal_nordic__nrfx.a(system_nrf52840.c.obj)
 .text.nrfx_isr
                0x000000000000fae0        0x6 modules/hal_nordic/nrfx/libmodules__hal_nordic__nrfx.a(nrfx_glue.c.obj)
                0x000000000000fae0                nrfx_isr
 .text.nrfx_busy_wait
                0x000000000000fae6        0x8 modules/hal_nordic/nrfx/libmodules__hal_nordic__nrfx.a(nrfx_glue.c.obj)
                0x000000000000fae6                nrfx_busy_wait
 .text.clock_initial_lfclksrc_get
                0x000000000000faee        0x4 modules/hal_nordic/nrfx/libmodules__hal_nordic__nrfx.a(nrfx_clock.c.obj)
 .text.clock_lfclksrc_tweak
                0x000000000000faf2       0x2c modules/hal_nordic/nrfx/libmodules__hal_nordic__nrfx.a(nrfx_clock.c.obj)
 .text.pin_is_task_output
                0x000000000000fb1e       0x1e modules/hal_nordic/nrfx/libmodules__hal_nordic__nrfx.a(nrfx_gpiote.c.obj)
 .text.pin_is_input
                0x000000000000fb3c        0xe modules/hal_nordic/nrfx/libmodules__hal_nordic__nrfx.a(nrfx_gpiote.c.obj)
 .text.gpiote_polarity_to_trigger
                0x000000000000fb4a        0x2 modules/hal_nordic/nrfx/libmodules__hal_nordic__nrfx.a(nrfx_gpiote.c.obj)
 .text.gpiote_trigger_to_polarity
                0x000000000000fb4c        0x2 modules/hal_nordic/nrfx/libmodules__hal_nordic__nrfx.a(nrfx_gpiote.c.obj)
 .text.is_level
                0x000000000000fb4e        0xa modules/hal_nordic/nrfx/libmodules__hal_nordic__nrfx.a(nrfx_gpiote.c.obj)
 .text.start_playback
                0x000000000000fb58       0x56 modules/hal_nordic/nrfx/libmodules__hal_nordic__nrfx.a(nrfx_pwm.c.obj)
 .text.xfer_completeness_check
                0x000000000000fbae       0x82 modules/hal_nordic/nrfx/libmodules__hal_nordic__nrfx.a(nrfx_twim.c.obj)
 .text.twim_list_enable_handle
                0x000000000000fc30       0x2a modules/hal_nordic/nrfx/libmodules__hal_nordic__nrfx.a(nrfx_twim.c.obj)
 .text.z_device_is_ready
                0x000000000000fc5a       0x1a zephyr/kernel/libkernel.a(device.c.obj)
                0x000000000000fc5a                z_device_is_ready
 .text.z_early_memset
                0x000000000000fc74        0x8 zephyr/kernel/libkernel.a(init.c.obj)
                0x000000000000fc74                z_early_memset
 .text.z_early_memcpy
                0x000000000000fc7c        0x8 zephyr/kernel/libkernel.a(init.c.obj)
                0x000000000000fc7c                z_early_memcpy
 .text.create_free_list
                0x000000000000fc84       0x2e zephyr/kernel/libkernel.a(mem_slab.c.obj)
 .text.k_mem_slab_init
                0x000000000000fcb2       0x1e zephyr/kernel/libkernel.a(mem_slab.c.obj)
                0x000000000000fcb2                k_mem_slab_init
 .text.setup_thread_stack
                0x000000000000fcd0       0x24 zephyr/kernel/libkernel.a(thread.c.obj)
 .text.k_is_in_isr
                0x000000000000fcf4        0xc zephyr/kernel/libkernel.a(thread.c.obj)
                0x000000000000fcf4                k_is_in_isr
 .text.k_thread_name_get
                0x000000000000fd00        0x4 zephyr/kernel/libkernel.a(thread.c.obj)
                0x000000000000fd00                k_thread_name_get
 .text.z_impl_k_thread_start
                0x000000000000fd04        0x8 zephyr/kernel/libkernel.a(thread.c.obj)
                0x000000000000fd04                z_impl_k_thread_start
 .text.z_init_thread_base
                0x000000000000fd0c       0x16 zephyr/kernel/libkernel.a(thread.c.obj)
                0x000000000000fd0c                z_init_thread_base
 .text.z_pm_save_idle_exit
                0x000000000000fd22        0xc zephyr/kernel/libkernel.a(idle.c.obj)
                0x000000000000fd22                z_pm_save_idle_exit
 .text.new_prio_for_inheritance
                0x000000000000fd2e       0x16 zephyr/kernel/libkernel.a(mutex.c.obj)
 .text.adjust_owner_prio
                0x000000000000fd44       0x16 zephyr/kernel/libkernel.a(mutex.c.obj)
 .text.z_impl_k_mutex_init
                0x000000000000fd5a        0xe zephyr/kernel/libkernel.a(mutex.c.obj)
                0x000000000000fd5a                z_impl_k_mutex_init
 .text.z_impl_k_sem_init
                0x000000000000fd68       0x1e zephyr/kernel/libkernel.a(sem.c.obj)
                0x000000000000fd68                z_impl_k_sem_init
 .text.thread_active_elsewhere
                0x000000000000fd86        0x4 zephyr/kernel/libkernel.a(sched.c.obj)
 .text.z_sched_prio_cmp
                0x000000000000fd8a       0x14 zephyr/kernel/libkernel.a(sched.c.obj)
                0x000000000000fd8a                z_sched_prio_cmp
 .text.z_reschedule_irqlock
                0x000000000000fd9e       0x2a zephyr/kernel/libkernel.a(sched.c.obj)
                0x000000000000fd9e                z_reschedule_irqlock
 .text.z_priq_dumb_best
                0x000000000000fdc8        0xe zephyr/kernel/libkernel.a(sched.c.obj)
                0x000000000000fdc8                z_priq_dumb_best
 .text.init_ready_q
                0x000000000000fdd6        0x8 zephyr/kernel/libkernel.a(sched.c.obj)
                0x000000000000fdd6                init_ready_q
 .text.remove_timeout
                0x000000000000fdde       0x2e zephyr/kernel/libkernel.a(timeout.c.obj)
 .text.sys_clock_tick_get_32
                0x000000000000fe0c        0x8 zephyr/kernel/libkernel.a(timeout.c.obj)
                0x000000000000fe0c                sys_clock_tick_get_32
 .text.z_impl_k_uptime_ticks
                0x000000000000fe14        0x8 zephyr/kernel/libkernel.a(timeout.c.obj)
                0x000000000000fe14                z_impl_k_uptime_ticks
 .text.z_impl_k_busy_wait
                0x000000000000fe1c        0xc zephyr/kernel/libkernel.a(timeout.c.obj)
                0x000000000000fe1c                z_impl_k_busy_wait
 .text.k_timer_init
                0x000000000000fe28       0x18 zephyr/kernel/libkernel.a(timer.c.obj)
                0x000000000000fe28                k_timer_init
 .text.z_impl_k_timer_stop
                0x000000000000fe40       0x36 zephyr/kernel/libkernel.a(timer.c.obj)
                0x000000000000fe40                z_impl_k_timer_stop
 .text._OffsetAbsSyms
                0x000000000000fe76        0x2 zephyr/CMakeFiles/offsets.dir/./arch/arm/core/offsets/offsets.c.obj
                0x000000000000fe76                _OffsetAbsSyms
 *(SORT_BY_ALIGNMENT(.TEXT.*))
 *(SORT_BY_ALIGNMENT(.gnu.linkonce.t.*))
 *(SORT_BY_ALIGNMENT(.glue_7t))
 .glue_7t       0x000000000000fe78        0x0 linker stubs
 *(SORT_BY_ALIGNMENT(.glue_7))
 .glue_7        0x000000000000fe78        0x0 linker stubs
 *(SORT_BY_ALIGNMENT(.vfp11_veneer))
 .vfp11_veneer  0x000000000000fe78        0x0 linker stubs
 *(SORT_BY_ALIGNMENT(.v4_bx))
 .v4_bx         0x000000000000fe78        0x0 linker stubs
                0x000000000000fe78                __text_region_end = .

.ARM.exidx      0x000000000000fe78        0x8
                0x000000000000fe78                __exidx_start = .
 *(SORT_BY_ALIGNMENT(.ARM.exidx*) SORT_BY_ALIGNMENT(gnu.linkonce.armexidx.*))
 .ARM.exidx     0x000000000000fe78        0x8 c:/nordic_semiconductor/sdks/ncs/toolchains/v2.1.0/opt/zephyr-sdk/arm-zephyr-eabi/bin/../lib/gcc/arm-zephyr-eabi/10.3.0/thumb/v7e-m/nofp\libgcc.a(_udivmoddi4.o)
                0x000000000000fe80                __exidx_end = .
                0x000000000000fe80                __rodata_region_start = .

initlevel       0x000000000000fe80       0x70
                0x000000000000fe80                __init_start = .
                0x000000000000fe80                __init_PRE_KERNEL_1_start = .
 *(SORT_BY_NAME(SORT_BY_ALIGNMENT(.z_init_PRE_KERNEL_1[0-9]_*)))
 .z_init_PRE_KERNEL_10_
                0x000000000000fe80        0x8 zephyr/soc/arm/nordic_nrf/nrf52/libsoc__arm__nordic_nrf__nrf52.a(soc.c.obj)
 *(SORT_BY_NAME(SORT_BY_ALIGNMENT(.z_init_PRE_KERNEL_1[1-9][0-9]_*)))
 .z_init_PRE_KERNEL_130_
                0x000000000000fe88        0x8 zephyr/drivers/clock_control/libdrivers__clock_control.a(clock_control_nrf.c.obj)
 .z_init_PRE_KERNEL_130_
                0x000000000000fe90        0x8 zephyr/kernel/libkernel.a(mem_slab.c.obj)
 .z_init_PRE_KERNEL_140_
                0x000000000000fe98       0x10 zephyr/drivers/gpio/libdrivers__gpio.a(gpio_nrfx.c.obj)
 .z_init_PRE_KERNEL_140_
                0x000000000000fea8        0x8 modules/nrf/drivers/hw_cc310/lib..__nrf__drivers__hw_cc310.a(hw_cc310.c.obj)
 .z_init_PRE_KERNEL_155_
                0x000000000000feb0       0x10 zephyr/drivers/serial/libdrivers__serial.a(uart_nrfx_uarte.c.obj)
 .z_init_PRE_KERNEL_160_
                0x000000000000fec0        0x8 zephyr/drivers/console/libdrivers__console.a(uart_console.c.obj)
                0x000000000000fec8                __init_PRE_KERNEL_2_start = .
 *(SORT_BY_NAME(SORT_BY_ALIGNMENT(.z_init_PRE_KERNEL_2[0-9]_*)))
 .z_init_PRE_KERNEL_20_
                0x000000000000fec8        0x8 zephyr/drivers/timer/libdrivers__timer.a(nrf_rtc_timer.c.obj)
 *(SORT_BY_NAME(SORT_BY_ALIGNMENT(.z_init_PRE_KERNEL_2[1-9][0-9]_*)))
                0x000000000000fed0                __init_POST_KERNEL_start = .
 *(SORT_BY_NAME(SORT_BY_ALIGNMENT(.z_init_POST_KERNEL[0-9]_*)))
 .z_init_POST_KERNEL0_
                0x000000000000fed0        0x8 zephyr/libzephyr.a(log_core.c.obj)
 *(SORT_BY_NAME(SORT_BY_ALIGNMENT(.z_init_POST_KERNEL[1-9][0-9]_*)))